../Core/Src/main.c:120:6:HAL_TIM_PeriodElapsedCallback	16	static
../Core/Src/main.c:139:6:HAL_ADC_ConvCpltCallback	16	static
../Core/Src/main.c:144:6:spinner	40	static
../Core/Src/main.c:166:5:obstacle_delay	32	static
../Core/Src/main.c:193:5:main	392	dynamic
../Core/Src/main.c:526:6:SystemClock_Config	88	static
../Core/Src/main.c:573:13:MX_ADC1_Init	24	static
../Core/Src/main.c:620:13:MX_TIM1_Init	80	static
../Core/Src/main.c:685:13:MX_TIM2_Init	48	static
../Core/Src/main.c:734:13:MX_TIM3_Init	56	static
../Core/Src/main.c:783:13:MX_TIM4_Init	56	static
../Core/Src/main.c:832:13:MX_USART2_UART_Init	8	static
../Core/Src/main.c:865:13:MX_USART3_UART_Init	8	static
../Core/Src/main.c:896:13:MX_DMA_Init	16	static
../Core/Src/main.c:914:13:MX_GPIO_Init	40	static
../Core/Src/main.c:982:6:HAL_UART_RxCpltCallback	16	static
../Core/Src/main.c:996:6:HAL_GPIO_EXTI_Callback	16	static
../Core/Src/main.c:1022:6:Error_Handler	4	static,ignoring_inline_asm
