Archive member included to satisfy reference by file (symbol)

c:/st/stm32cubeide_1.12.1/stm32cubeide/plugins/com.st.stm32cube.ide.mcu.externaltools.gnu-tools-for-stm32.10.3-2021.10.win32_1.0.200.202301161003/tools/bin/../lib/gcc/arm-none-eabi/10.3.1/../../../../arm-none-eabi/lib/thumb/v7-m/nofp\libc_nano.a(lib_a-errno.o)
                              ./Core/Src/syscalls.o (__errno)
c:/st/stm32cubeide_1.12.1/stm32cubeide/plugins/com.st.stm32cube.ide.mcu.externaltools.gnu-tools-for-stm32.10.3-2021.10.win32_1.0.200.202301161003/tools/bin/../lib/gcc/arm-none-eabi/10.3.1/../../../../arm-none-eabi/lib/thumb/v7-m/nofp\libc_nano.a(lib_a-exit.o)
                              c:/st/stm32cubeide_1.12.1/stm32cubeide/plugins/com.st.stm32cube.ide.mcu.externaltools.gnu-tools-for-stm32.10.3-2021.10.win32_1.0.200.202301161003/tools/bin/../lib/gcc/arm-none-eabi/10.3.1/../../../../arm-none-eabi/lib/thumb/v7-m/nofp/crt0.o (exit)
c:/st/stm32cubeide_1.12.1/stm32cubeide/plugins/com.st.stm32cube.ide.mcu.externaltools.gnu-tools-for-stm32.10.3-2021.10.win32_1.0.200.202301161003/tools/bin/../lib/gcc/arm-none-eabi/10.3.1/../../../../arm-none-eabi/lib/thumb/v7-m/nofp\libc_nano.a(lib_a-impure.o)
                              c:/st/stm32cubeide_1.12.1/stm32cubeide/plugins/com.st.stm32cube.ide.mcu.externaltools.gnu-tools-for-stm32.10.3-2021.10.win32_1.0.200.202301161003/tools/bin/../lib/gcc/arm-none-eabi/10.3.1/../../../../arm-none-eabi/lib/thumb/v7-m/nofp\libc_nano.a(lib_a-exit.o) (_global_impure_ptr)
c:/st/stm32cubeide_1.12.1/stm32cubeide/plugins/com.st.stm32cube.ide.mcu.externaltools.gnu-tools-for-stm32.10.3-2021.10.win32_1.0.200.202301161003/tools/bin/../lib/gcc/arm-none-eabi/10.3.1/../../../../arm-none-eabi/lib/thumb/v7-m/nofp\libc_nano.a(lib_a-init.o)
                              c:/st/stm32cubeide_1.12.1/stm32cubeide/plugins/com.st.stm32cube.ide.mcu.externaltools.gnu-tools-for-stm32.10.3-2021.10.win32_1.0.200.202301161003/tools/bin/../lib/gcc/arm-none-eabi/10.3.1/../../../../arm-none-eabi/lib/thumb/v7-m/nofp/crt0.o (__libc_init_array)
c:/st/stm32cubeide_1.12.1/stm32cubeide/plugins/com.st.stm32cube.ide.mcu.externaltools.gnu-tools-for-stm32.10.3-2021.10.win32_1.0.200.202301161003/tools/bin/../lib/gcc/arm-none-eabi/10.3.1/../../../../arm-none-eabi/lib/thumb/v7-m/nofp\libc_nano.a(lib_a-memcpy-stub.o)
                              ./Core/Src/main.o (memcpy)
c:/st/stm32cubeide_1.12.1/stm32cubeide/plugins/com.st.stm32cube.ide.mcu.externaltools.gnu-tools-for-stm32.10.3-2021.10.win32_1.0.200.202301161003/tools/bin/../lib/gcc/arm-none-eabi/10.3.1/../../../../arm-none-eabi/lib/thumb/v7-m/nofp\libc_nano.a(lib_a-memset.o)
                              c:/st/stm32cubeide_1.12.1/stm32cubeide/plugins/com.st.stm32cube.ide.mcu.externaltools.gnu-tools-for-stm32.10.3-2021.10.win32_1.0.200.202301161003/tools/bin/../lib/gcc/arm-none-eabi/10.3.1/../../../../arm-none-eabi/lib/thumb/v7-m/nofp/crt0.o (memset)
c:/st/stm32cubeide_1.12.1/stm32cubeide/plugins/com.st.stm32cube.ide.mcu.externaltools.gnu-tools-for-stm32.10.3-2021.10.win32_1.0.200.202301161003/tools/bin/../lib/gcc/arm-none-eabi/10.3.1/../../../../arm-none-eabi/lib/thumb/v7-m/nofp\libc_nano.a(lib_a-sprintf.o)
                              ./Core/Src/ESP8266_HAL.o (sprintf)
c:/st/stm32cubeide_1.12.1/stm32cubeide/plugins/com.st.stm32cube.ide.mcu.externaltools.gnu-tools-for-stm32.10.3-2021.10.win32_1.0.200.202301161003/tools/bin/../lib/gcc/arm-none-eabi/10.3.1/../../../../arm-none-eabi/lib/thumb/v7-m/nofp\libc_nano.a(lib_a-strcat.o)
                              ./Core/Src/ESP8266_HAL.o (strcat)
c:/st/stm32cubeide_1.12.1/stm32cubeide/plugins/com.st.stm32cube.ide.mcu.externaltools.gnu-tools-for-stm32.10.3-2021.10.win32_1.0.200.202301161003/tools/bin/../lib/gcc/arm-none-eabi/10.3.1/../../../../arm-none-eabi/lib/thumb/v7-m/nofp\libc_nano.a(lib_a-strcmp.o)
                              ./Core/Src/ESP8266_HAL.o (strcmp)
c:/st/stm32cubeide_1.12.1/stm32cubeide/plugins/com.st.stm32cube.ide.mcu.externaltools.gnu-tools-for-stm32.10.3-2021.10.win32_1.0.200.202301161003/tools/bin/../lib/gcc/arm-none-eabi/10.3.1/../../../../arm-none-eabi/lib/thumb/v7-m/nofp\libc_nano.a(lib_a-strlen.o)
                              ./Core/Src/ESP8266_HAL.o (strlen)
c:/st/stm32cubeide_1.12.1/stm32cubeide/plugins/com.st.stm32cube.ide.mcu.externaltools.gnu-tools-for-stm32.10.3-2021.10.win32_1.0.200.202301161003/tools/bin/../lib/gcc/arm-none-eabi/10.3.1/../../../../arm-none-eabi/lib/thumb/v7-m/nofp\libc_nano.a(lib_a-nano-svfprintf.o)
                              c:/st/stm32cubeide_1.12.1/stm32cubeide/plugins/com.st.stm32cube.ide.mcu.externaltools.gnu-tools-for-stm32.10.3-2021.10.win32_1.0.200.202301161003/tools/bin/../lib/gcc/arm-none-eabi/10.3.1/../../../../arm-none-eabi/lib/thumb/v7-m/nofp\libc_nano.a(lib_a-sprintf.o) (_svfprintf_r)
[...]
Memory Configuration

Name             Origin             Length             Attributes
RAM              0x0000000020000000 0x0000000000005000 xrw
FLASH            0x0000000008000000 0x0000000000020000 xr
*default*        0x0000000000000000 0xffffffffffffffff

Linker script and memory map

LOAD c:/st/stm32cubeide_1.12.1/stm32cubeide/plugins/com.st.stm32cube.ide.mcu.externaltools.gnu-tools-for-stm32.10.3-2021.10.win32_1.0.200.202301161003/tools/bin/../lib/gcc/arm-none-eabi/10.3.1/thumb/v7-m/nofp/crti.o
LOAD c:/st/stm32cubeide_1.12.1/stm32cubeide/plugins/com.st.stm32cube.ide.mcu.externaltools.gnu-tools-for-stm32.10.3-2021.10.win32_1.0.200.202301161003/tools/bin/../lib/gcc/arm-none-eabi/10.3.1/thumb/v7-m/nofp/crtbegin.o
LOAD c:/st/stm32cubeide_1.12.1/stm32cubeide/plugins/com.st.stm32cube.ide.mcu.externaltools.gnu-tools-for-stm32.10.3-2021.10.win32_1.0.200.202301161003/tools/bin/../lib/gcc/arm-none-eabi/10.3.1/../../../../arm-none-eabi/lib/thumb/v7-m/nofp/crt0.o
LOAD ./Core/Inc/DC_MOTOR.o
LOAD ./Core/Inc/DC_MOTOR_cfg.o
LOAD ./Core/Inc/motor_encoders.o
LOAD ./Core/Src/ESP8266_HAL.o
LOAD ./Core/Src/MP.o
LOAD ./Core/Src/UartRingbuffer_multi.o
LOAD ./Core/Src/main.o
LOAD ./Core/Src/stm32f1xx_hal_msp.o
LOAD ./Core/Src/stm32f1xx_it.o
LOAD ./Core/Src/syscalls.o
LOAD ./Core/Src/sysmem.o
LOAD ./Core/Src/system_stm32f1xx.o
LOAD ./Core/Startup/startup_stm32f103rbtx.o
LOAD ./Drivers/STM32F1xx_HAL_Driver/Src/stm32f1xx_hal.o
LOAD ./Drivers/STM32F1xx_HAL_Driver/Src/stm32f1xx_hal_adc.o
LOAD ./Drivers/STM32F1xx_HAL_Driver/Src/stm32f1xx_hal_adc_ex.o
LOAD ./Drivers/STM32F1xx_HAL_Driver/Src/stm32f1xx_hal_cortex.o
LOAD ./Drivers/STM32F1xx_HAL_Driver/Src/stm32f1xx_hal_dma.o
LOAD ./Drivers/STM32F1xx_HAL_Driver/Src/stm32f1xx_hal_exti.o
LOAD ./Drivers/STM32F1xx_HAL_Driver/Src/stm32f1xx_hal_flash.o
LOAD ./Drivers/STM32F1xx_HAL_Driver/Src/stm32f1xx_hal_flash_ex.o
LOAD ./Drivers/STM32F1xx_HAL_Driver/Src/stm32f1xx_hal_gpio.o
LOAD ./Drivers/STM32F1xx_HAL_Driver/Src/stm32f1xx_hal_gpio_ex.o
LOAD ./Drivers/STM32F1xx_HAL_Driver/Src/stm32f1xx_hal_pwr.o
LOAD ./Drivers/STM32F1xx_HAL_Driver/Src/stm32f1xx_hal_rcc.o
LOAD ./Drivers/STM32F1xx_HAL_Driver/Src/stm32f1xx_hal_rcc_ex.o
LOAD ./Drivers/STM32F1xx_HAL_Driver/Src/stm32f1xx_hal_tim.o
LOAD ./Drivers/STM32F1xx_HAL_Driver/Src/stm32f1xx_hal_tim_ex.o
LOAD ./Drivers/STM32F1xx_HAL_Driver/Src/stm32f1xx_hal_uart.o
START GROUP
LOAD c:/st/stm32cubeide_1.12.1/stm32cubeide/plugins/com.st.stm32cube.ide.mcu.externaltools.gnu-tools-for-stm32.10.3-2021.10.win32_1.0.200.202301161003/tools/bin/../lib/gcc/arm-none-eabi/10.3.1/../../../../arm-none-eabi/lib/thumb/v7-m/nofp\libc_nano.a
LOAD c:/st/stm32cubeide_1.12.1/stm32cubeide/plugins/com.st.stm32cube.ide.mcu.externaltools.gnu-tools-for-stm32.10.3-2021.10.win32_1.0.200.202301161003/tools/bin/../lib/gcc/arm-none-eabi/10.3.1/../../../../arm-none-eabi/lib/thumb/v7-m/nofp\libm.a
END GROUP
START GROUP
LOAD c:/st/stm32cubeide_1.12.1/stm32cubeide/plugins/com.st.stm32cube.ide.mcu.externaltools.gnu-tools-for-stm32.10.3-2021.10.win32_1.0.200.202301161003/tools/bin/../lib/gcc/arm-none-eabi/10.3.1/thumb/v7-m/nofp\libgcc.a
LOAD c:/st/stm32cubeide_1.12.1/stm32cubeide/plugins/com.st.stm32cube.ide.mcu.externaltools.gnu-tools-for-stm32.10.3-2021.10.win32_1.0.200.202301161003/tools/bin/../lib/gcc/arm-none-eabi/10.3.1/../../../../arm-none-eabi/lib/thumb/v7-m/nofp\libc_nano.a
END GROUP
START GROUP
LOAD c:/st/stm32cubeide_1.12.1/stm32cubeide/plugins/com.st.stm32cube.ide.mcu.externaltools.gnu-tools-for-stm32.10.3-2021.10.win32_1.0.200.202301161003/tools/bin/../lib/gcc/arm-none-eabi/10.3.1/thumb/v7-m/nofp\libgcc.a
LOAD c:/st/stm32cubeide_1.12.1/stm32cubeide/plugins/com.st.stm32cube.ide.mcu.externaltools.gnu-tools-for-stm32.10.3-2021.10.win32_1.0.200.202301161003/tools/bin/../lib/gcc/arm-none-eabi/10.3.1/../../../../arm-none-eabi/lib/thumb/v7-m/nofp\libc_nano.a
LOAD c:/st/stm32cubeide_1.12.1/stm32cubeide/plugins/com.st.stm32cube.ide.mcu.externaltools.gnu-tools-for-stm32.10.3-2021.10.win32_1.0.200.202301161003/tools/bin/../lib/gcc/arm-none-eabi/10.3.1/../../../../arm-none-eabi/lib/thumb/v7-m/nofp\libnosys.a
END GROUP
START GROUP
LOAD c:/st/stm32cubeide_1.12.1/stm32cubeide/plugins/com.st.stm32cube.ide.mcu.externaltools.gnu-tools-for-stm32.10.3-2021.10.win32_1.0.200.202301161003/tools/bin/../lib/gcc/arm-none-eabi/10.3.1/thumb/v7-m/nofp\libgcc.a
LOAD c:/st/stm32cubeide_1.12.1/stm32cubeide/plugins/com.st.stm32cube.ide.mcu.externaltools.gnu-tools-for-stm32.10.3-2021.10.win32_1.0.200.202301161003/tools/bin/../lib/gcc/arm-none-eabi/10.3.1/../../../../arm-none-eabi/lib/thumb/v7-m/nofp\libc_nano.a
LOAD c:/st/stm32cubeide_1.12.1/stm32cubeide/plugins/com.st.stm32cube.ide.mcu.externaltools.gnu-tools-for-stm32.10.3-2021.10.win32_1.0.200.202301161003/tools/bin/../lib/gcc/arm-none-eabi/10.3.1/../../../../arm-none-eabi/lib/thumb/v7-m/nofp\libnosys.a
END GROUP
LOAD c:/st/stm32cubeide_1.12.1/stm32cubeide/plugins/com.st.stm32cube.ide.mcu.externaltools.gnu-tools-for-stm32.10.3-2021.10.win32_1.0.200.202301161003/tools/bin/../lib/gcc/arm-none-eabi/10.3.1/thumb/v7-m/nofp/crtend.o
LOAD c:/st/stm32cubeide_1.12.1/stm32cubeide/plugins/com.st.stm32cube.ide.mcu.externaltools.gnu-tools-for-stm32.10.3-2021.10.win32_1.0.200.202301161003/tools/bin/../lib/gcc/arm-none-eabi/10.3.1/thumb/v7-m/nofp/crtn.o
                0x0000000020005000                _estack = (ORIGIN (RAM) + LENGTH (RAM))
                0x0000000000000200                _Min_Heap_Size = 0x200
                0x0000000000000400                _Min_Stack_Size = 0x400

.isr_vector     0x0000000008000000      0x10c
                0x0000000008000000                . = ALIGN (0x4)
 *(.isr_vector)
 .isr_vector    0x0000000008000000      0x10c ./Core/Startup/startup_stm32f103rbtx.o
                0x0000000008000000                g_pfnVectors
                0x000000000800010c                . = ALIGN (0x4)

.text           0x0000000008000110     0x65a4
                0x0000000008000110                . = ALIGN (0x4)
 *(.text)
 .text          0x0000000008000110       0x40 c:/st/stm32cubeide_1.12.1/stm32cubeide/plugins/com.st.stm32cube.ide.mcu.externaltools.gnu-tools-for-stm32.10.3-2021.10.win32_1.0.200.202301161003/tools/bin/../lib/gcc/arm-none-eabi/10.3.1/thumb/v7-m/nofp/crtbegin.o
 .text          0x0000000008000150      0x378 c:/st/stm32cubeide_1.12.1/stm32cubeide/plugins/com.st.stm32cube.ide.mcu.externaltools.gnu-tools-for-stm32.10.3-2021.10.win32_1.0.200.202301161003/tools/bin/../lib/gcc/arm-none-eabi/10.3.1/thumb/v7-m/nofp\libgcc.a(_arm_addsubdf3.o)
                0x0000000008000150                __aeabi_drsub
                0x0000000008000158                __aeabi_dsub
                0x0000000008000158                __subdf3
                0x000000000800015c                __aeabi_dadd
                0x000000000800015c                __adddf3
                0x00000000080003d4                __floatunsidf
                0x00000000080003d4                __aeabi_ui2d
                0x00000000080003f4                __floatsidf
                0x00000000080003f4                __aeabi_i2d
                0x0000000008000418                __aeabi_f2d
                0x0000000008000418                __extendsfdf2
                0x000000000800045c                __floatundidf
                0x000000000800045c                __aeabi_ul2d
                0x000000000800046c                __floatdidf
                0x000000000800046c                __aeabi_l2d
 .text          0x00000000080004c8      0x424 c:/st/stm32cubeide_1.12.1/stm32cubeide/plugins/com.st.stm32cube.ide.mcu.externaltools.gnu-tools-for-stm32.10.3-2021.10.win32_1.0.200.202301161003/tools/bin/../lib/gcc/arm-none-eabi/10.3.1/thumb/v7-m/nofp\libgcc.a(_arm_muldivdf3.o)
                0x00000000080004c8                __aeabi_dmul
                0x00000000080004c8                __muldf3
                0x000000000800071c                __divdf3
                0x000000000800071c                __aeabi_ddiv
 .text          0x00000000080008ec      0x110 c:/st/stm32cubeide_1.12.1/stm32cubeide/plugins/com.st.stm32cube.ide.mcu.externaltools.gnu-tools-for-stm32.10.3-2021.10.win32_1.0.200.202301161003/tools/bin/../lib/gcc/arm-none-eabi/10.3.1/thumb/v7-m/nofp\libgcc.a(_arm_cmpdf2.o)
                0x00000000080008ec                __gtdf2
                0x00000000080008ec                __gedf2
                0x00000000080008f4                __ltdf2
                0x00000000080008f4                __ledf2
                0x00000000080008fc                __nedf2
                0x00000000080008fc                __eqdf2
                0x00000000080008fc                __cmpdf2
                0x0000000008000978                __aeabi_cdrcmple
                0x0000000008000988                __aeabi_cdcmpeq
                0x0000000008000988                __aeabi_cdcmple
                0x0000000008000998                __aeabi_dcmpeq
                0x00000000080009ac                __aeabi_dcmplt
                0x00000000080009c0                __aeabi_dcmple
                0x00000000080009d4                __aeabi_dcmpge
                0x00000000080009e8                __aeabi_dcmpgt
 .text          0x00000000080009fc       0x2c c:/st/stm32cubeide_1.12.1/stm32cubeide/plugins/com.st.stm32cube.ide.mcu.externaltools.gnu-tools-for-stm32.10.3-2021.10.win32_1.0.200.202301161003/tools/bin/../lib/gcc/arm-none-eabi/10.3.1/thumb/v7-m/nofp\libgcc.a(_arm_unorddf2.o)
                0x00000000080009fc                __unorddf2
                0x00000000080009fc                __aeabi_dcmpun
 .text          0x0000000008000a28       0x50 c:/st/stm32cubeide_1.12.1/stm32cubeide/plugins/com.st.stm32cube.ide.mcu.externaltools.gnu-tools-for-stm32.10.3-2021.10.win32_1.0.200.202301161003/tools/bin/../lib/gcc/arm-none-eabi/10.3.1/thumb/v7-m/nofp\libgcc.a(_arm_fixdfsi.o)
                0x0000000008000a28                __aeabi_d2iz
                0x0000000008000a28                __fixdfsi
 *(.text*)
 .text.DC_MOTOR_Init
                0x0000000008000a78      0x388 ./Core/Inc/DC_MOTOR.o
                0x0000000008000a78                DC_MOTOR_Init
 .text.DC_MOTOR_Start
                0x0000000008000e00      0x120 ./Core/Inc/DC_MOTOR.o
                0x0000000008000e00                DC_MOTOR_Start
 .text.DC_MOTOR_Stop
                0x0000000008000f20       0xcc ./Core/Inc/DC_MOTOR.o
                0x0000000008000f20                DC_MOTOR_Stop
 .text.reset_encoder
                0x0000000008000fec       0x24 ./Core/Inc/motor_encoders.o
                0x0000000008000fec                reset_encoder
 .text.calculate_segment
                0x0000000008001010       0xc0 ./Core/Src/MP.o
                0x0000000008001010                calculate_segment
 .text.spinner  0x00000000080010d0      0x118 ./Core/Src/main.o
                0x00000000080010d0                spinner
 .text.obstacle_delay
                0x00000000080011e8       0x90 ./Core/Src/main.o
                0x00000000080011e8                obstacle_delay
 .text.main     0x0000000008001278      0xf24 ./Core/Src/main.o
                0x0000000008001278                main
 .text.SystemClock_Config
                0x000000000800219c       0xb6 ./Core/Src/main.o
                0x000000000800219c                SystemClock_Config
 *fill*         0x0000000008002252        0x2 
 .text.MX_ADC1_Init
                0x0000000008002254       0x7c ./Core/Src/main.o
 .text.MX_TIM1_Init
                0x00000000080022d0      0x108 ./Core/Src/main.o
 .text.MX_TIM2_Init
                0x00000000080023d8       0xb0 ./Core/Src/main.o
 .text.MX_TIM3_Init
                0x0000000008002488       0xb0 ./Core/Src/main.o
 .text.MX_TIM4_Init
                0x0000000008002538       0xb0 ./Core/Src/main.o
 .text.MX_USART2_UART_Init
                0x00000000080025e8       0x54 ./Core/Src/main.o
 .text.MX_USART3_UART_Init
                0x000000000800263c       0x54 ./Core/Src/main.o
 .text.MX_DMA_Init
                0x0000000008002690       0x3c ./Core/Src/main.o
 .text.MX_GPIO_Init
                0x00000000080026cc      0x160 ./Core/Src/main.o
 .text.HAL_UART_RxCpltCallback
                0x000000000800282c       0x60 ./Core/Src/main.o
                0x000000000800282c                HAL_UART_RxCpltCallback
 .text.HAL_GPIO_EXTI_Callback
                0x000000000800288c       0x6c ./Core/Src/main.o
                0x000000000800288c                HAL_GPIO_EXTI_Callback
 .text.Error_Handler
                0x00000000080028f8        0xa ./Core/Src/main.o
                0x00000000080028f8                Error_Handler
 *fill*         0x0000000008002902        0x2 
 .text.HAL_MspInit
                0x0000000008002904       0x64 ./Core/Src/stm32f1xx_hal_msp.o
                0x0000000008002904                HAL_MspInit
 .text.HAL_ADC_MspInit
                0x0000000008002968       0xd8 ./Core/Src/stm32f1xx_hal_msp.o
                0x0000000008002968                HAL_ADC_MspInit
 .text.HAL_TIM_PWM_MspInit
                0x0000000008002a40       0x60 ./Core/Src/stm32f1xx_hal_msp.o
                0x0000000008002a40                HAL_TIM_PWM_MspInit
 .text.HAL_TIM_MspPostInit
                0x0000000008002aa0       0xd0 ./Core/Src/stm32f1xx_hal_msp.o
                0x0000000008002aa0                HAL_TIM_MspPostInit
 .text.HAL_UART_MspInit
                0x0000000008002b70      0x13c ./Core/Src/stm32f1xx_hal_msp.o
                0x0000000008002b70                HAL_UART_MspInit
 .text.NMI_Handler
                0x0000000008002cac        0x6 ./Core/Src/stm32f1xx_it.o
                0x0000000008002cac                NMI_Handler
 .text.HardFault_Handler
                0x0000000008002cb2        0x6 ./Core/Src/stm32f1xx_it.o
                0x0000000008002cb2                HardFault_Handler
 .text.MemManage_Handler
                0x0000000008002cb8        0x6 ./Core/Src/stm32f1xx_it.o
                0x0000000008002cb8                MemManage_Handler
 .text.BusFault_Handler
                0x0000000008002cbe        0x6 ./Core/Src/stm32f1xx_it.o
                0x0000000008002cbe                BusFault_Handler
 .text.UsageFault_Handler
                0x0000000008002cc4        0x6 ./Core/Src/stm32f1xx_it.o
                0x0000000008002cc4                UsageFault_Handler
 .text.SVC_Handler
                0x0000000008002cca        0xc ./Core/Src/stm32f1xx_it.o
                0x0000000008002cca                SVC_Handler
 .text.DebugMon_Handler
                0x0000000008002cd6        0xc ./Core/Src/stm32f1xx_it.o
                0x0000000008002cd6                DebugMon_Handler
 .text.PendSV_Handler
                0x0000000008002ce2        0xc ./Core/Src/stm32f1xx_it.o
                0x0000000008002ce2                PendSV_Handler
 .text.SysTick_Handler
                0x0000000008002cee        0xc ./Core/Src/stm32f1xx_it.o
                0x0000000008002cee                SysTick_Handler
 .text.EXTI1_IRQHandler
                0x0000000008002cfa        0xe ./Core/Src/stm32f1xx_it.o
                0x0000000008002cfa                EXTI1_IRQHandler
 .text.USART2_IRQHandler
                0x0000000008002d08       0x14 ./Core/Src/stm32f1xx_it.o
                0x0000000008002d08                USART2_IRQHandler
 .text.USART3_IRQHandler
                0x0000000008002d1c       0x14 ./Core/Src/stm32f1xx_it.o
                0x0000000008002d1c                USART3_IRQHandler
 .text.EXTI15_10_IRQHandler
                0x0000000008002d30       0x10 ./Core/Src/stm32f1xx_it.o
                0x0000000008002d30                EXTI15_10_IRQHandler
 .text.SystemInit
                0x0000000008002d40        0xc ./Core/Src/system_stm32f1xx.o
                0x0000000008002d40                SystemInit
 .text.Reset_Handler
                0x0000000008002d4c       0x48 ./Core/Startup/startup_stm32f103rbtx.o
                0x0000000008002d4c                Reset_Handler
 .text.Default_Handler
                0x0000000008002d94        0x2 ./Core/Startup/startup_stm32f103rbtx.o
                0x0000000008002d94                RTC_Alarm_IRQHandler
                0x0000000008002d94                EXTI2_IRQHandler
                0x0000000008002d94                TIM1_CC_IRQHandler
                0x0000000008002d94                PVD_IRQHandler
                0x0000000008002d94                EXTI3_IRQHandler
                0x0000000008002d94                EXTI0_IRQHandler
                0x0000000008002d94                I2C2_EV_IRQHandler
                0x0000000008002d94                ADC1_2_IRQHandler
                0x0000000008002d94                SPI1_IRQHandler
                0x0000000008002d94                TAMPER_IRQHandler
                0x0000000008002d94                DMA1_Channel4_IRQHandler
                0x0000000008002d94                RTC_IRQHandler
                0x0000000008002d94                DMA1_Channel7_IRQHandler
                0x0000000008002d94                CAN1_RX1_IRQHandler
                0x0000000008002d94                TIM4_IRQHandler
                0x0000000008002d94                I2C1_EV_IRQHandler
                0x0000000008002d94                DMA1_Channel6_IRQHandler
                0x0000000008002d94                TIM3_IRQHandler
                0x0000000008002d94                RCC_IRQHandler
                0x0000000008002d94                TIM1_TRG_COM_IRQHandler
                0x0000000008002d94                DMA1_Channel1_IRQHandler
                0x0000000008002d94                Default_Handler
                0x0000000008002d94                EXTI9_5_IRQHandler
                0x0000000008002d94                SPI2_IRQHandler
                0x0000000008002d94                DMA1_Channel5_IRQHandler
                0x0000000008002d94                EXTI4_IRQHandler
                0x0000000008002d94                USB_LP_CAN1_RX0_IRQHandler
                0x0000000008002d94                USB_HP_CAN1_TX_IRQHandler
                0x0000000008002d94                DMA1_Channel3_IRQHandler
                0x0000000008002d94                TIM1_UP_IRQHandler
                0x0000000008002d94                WWDG_IRQHandler
                0x0000000008002d94                TIM2_IRQHandler
                0x0000000008002d94                TIM1_BRK_IRQHandler
                0x0000000008002d94                I2C2_ER_IRQHandler
                0x0000000008002d94                DMA1_Channel2_IRQHandler
                0x0000000008002d94                CAN1_SCE_IRQHandler
                0x0000000008002d94                FLASH_IRQHandler
                0x0000000008002d94                USART1_IRQHandler
                0x0000000008002d94                I2C1_ER_IRQHandler
                0x0000000008002d94                USBWakeUp_IRQHandler
 *fill*         0x0000000008002d96        0x2 
 .text.HAL_Init
                0x0000000008002d98       0x2c ./Drivers/STM32F1xx_HAL_Driver/Src/stm32f1xx_hal.o
                0x0000000008002d98                HAL_Init
 .text.HAL_InitTick
                0x0000000008002dc4       0x60 ./Drivers/STM32F1xx_HAL_Driver/Src/stm32f1xx_hal.o
                0x0000000008002dc4                HAL_InitTick
 .text.HAL_IncTick
                0x0000000008002e24       0x24 ./Drivers/STM32F1xx_HAL_Driver/Src/stm32f1xx_hal.o
                0x0000000008002e24                HAL_IncTick
 .text.HAL_GetTick
                0x0000000008002e48       0x14 ./Drivers/STM32F1xx_HAL_Driver/Src/stm32f1xx_hal.o
                0x0000000008002e48                HAL_GetTick
 .text.HAL_Delay
                0x0000000008002e5c       0x48 ./Drivers/STM32F1xx_HAL_Driver/Src/stm32f1xx_hal.o
                0x0000000008002e5c                HAL_Delay
 .text.HAL_ADC_Init
                0x0000000008002ea4      0x1b0 ./Drivers/STM32F1xx_HAL_Driver/Src/stm32f1xx_hal_adc.o
                0x0000000008002ea4                HAL_ADC_Init
 .text.HAL_ADC_ConfigChannel
                0x0000000008003054      0x1f0 ./Drivers/STM32F1xx_HAL_Driver/Src/stm32f1xx_hal_adc.o
                0x0000000008003054                HAL_ADC_ConfigChannel
 .text.ADC_ConversionStop_Disable
                0x0000000008003244       0x82 ./Drivers/STM32F1xx_HAL_Driver/Src/stm32f1xx_hal_adc.o
                0x0000000008003244                ADC_ConversionStop_Disable
 *fill*         0x00000000080032c6        0x2 
 .text.__NVIC_SetPriorityGrouping
                0x00000000080032c8       0x48 ./Drivers/STM32F1xx_HAL_Driver/Src/stm32f1xx_hal_cortex.o
 .text.__NVIC_GetPriorityGrouping
                0x0000000008003310       0x1c ./Drivers/STM32F1xx_HAL_Driver/Src/stm32f1xx_hal_cortex.o
 .text.__NVIC_EnableIRQ
                0x000000000800332c       0x38 ./Drivers/STM32F1xx_HAL_Driver/Src/stm32f1xx_hal_cortex.o
 .text.__NVIC_SetPriority
                0x0000000008003364       0x54 ./Drivers/STM32F1xx_HAL_Driver/Src/stm32f1xx_hal_cortex.o
 .text.NVIC_EncodePriority
                0x00000000080033b8       0x64 ./Drivers/STM32F1xx_HAL_Driver/Src/stm32f1xx_hal_cortex.o
 .text.SysTick_Config
                0x000000000800341c       0x44 ./Drivers/STM32F1xx_HAL_Driver/Src/stm32f1xx_hal_cortex.o
 .text.HAL_NVIC_SetPriorityGrouping
                0x0000000008003460       0x16 ./Drivers/STM32F1xx_HAL_Driver/Src/stm32f1xx_hal_cortex.o
                0x0000000008003460                HAL_NVIC_SetPriorityGrouping
 .text.HAL_NVIC_SetPriority
                0x0000000008003476       0x38 ./Drivers/STM32F1xx_HAL_Driver/Src/stm32f1xx_hal_cortex.o
                0x0000000008003476                HAL_NVIC_SetPriority
 .text.HAL_NVIC_EnableIRQ
                0x00000000080034ae       0x1c ./Drivers/STM32F1xx_HAL_Driver/Src/stm32f1xx_hal_cortex.o
                0x00000000080034ae                HAL_NVIC_EnableIRQ
 .text.HAL_SYSTICK_Config
                0x00000000080034ca       0x18 ./Drivers/STM32F1xx_HAL_Driver/Src/stm32f1xx_hal_cortex.o
                0x00000000080034ca                HAL_SYSTICK_Config
 .text.HAL_DMA_Abort
                0x00000000080034e2       0x76 ./Drivers/STM32F1xx_HAL_Driver/Src/stm32f1xx_hal_dma.o
                0x00000000080034e2                HAL_DMA_Abort
 .text.HAL_DMA_Abort_IT
                0x0000000008003558       0xf0 ./Drivers/STM32F1xx_HAL_Driver/Src/stm32f1xx_hal_dma.o
                0x0000000008003558                HAL_DMA_Abort_IT
 .text.HAL_GPIO_Init
                0x0000000008003648      0x308 ./Drivers/STM32F1xx_HAL_Driver/Src/stm32f1xx_hal_gpio.o
                0x0000000008003648                HAL_GPIO_Init
 .text.HAL_GPIO_ReadPin
                0x0000000008003950       0x2e ./Drivers/STM32F1xx_HAL_Driver/Src/stm32f1xx_hal_gpio.o
                0x0000000008003950                HAL_GPIO_ReadPin
 .text.HAL_GPIO_WritePin
                0x000000000800397e       0x30 ./Drivers/STM32F1xx_HAL_Driver/Src/stm32f1xx_hal_gpio.o
                0x000000000800397e                HAL_GPIO_WritePin
 *fill*         0x00000000080039ae        0x2 
 .text.HAL_GPIO_EXTI_IRQHandler
                0x00000000080039b0       0x30 ./Drivers/STM32F1xx_HAL_Driver/Src/stm32f1xx_hal_gpio.o
                0x00000000080039b0                HAL_GPIO_EXTI_IRQHandler
 .text.HAL_RCC_OscConfig
                0x00000000080039e0      0x504 ./Drivers/STM32F1xx_HAL_Driver/Src/stm32f1xx_hal_rcc.o
                0x00000000080039e0                HAL_RCC_OscConfig
 .text.HAL_RCC_ClockConfig
                0x0000000008003ee4      0x1d4 ./Drivers/STM32F1xx_HAL_Driver/Src/stm32f1xx_hal_rcc.o
                0x0000000008003ee4                HAL_RCC_ClockConfig
 .text.HAL_RCC_GetSysClockFreq
                0x00000000080040b8       0xa8 ./Drivers/STM32F1xx_HAL_Driver/Src/stm32f1xx_hal_rcc.o
                0x00000000080040b8                HAL_RCC_GetSysClockFreq
 .text.HAL_RCC_GetHCLKFreq
                0x0000000008004160       0x14 ./Drivers/STM32F1xx_HAL_Driver/Src/stm32f1xx_hal_rcc.o
                0x0000000008004160                HAL_RCC_GetHCLKFreq
 .text.HAL_RCC_GetPCLK1Freq
                0x0000000008004174       0x28 ./Drivers/STM32F1xx_HAL_Driver/Src/stm32f1xx_hal_rcc.o
                0x0000000008004174                HAL_RCC_GetPCLK1Freq
 .text.HAL_RCC_GetPCLK2Freq
                0x000000000800419c       0x28 ./Drivers/STM32F1xx_HAL_Driver/Src/stm32f1xx_hal_rcc.o
                0x000000000800419c                HAL_RCC_GetPCLK2Freq
 .text.RCC_Delay
                0x00000000080041c4       0x3c ./Drivers/STM32F1xx_HAL_Driver/Src/stm32f1xx_hal_rcc.o
 .text.HAL_RCCEx_PeriphCLKConfig
                0x0000000008004200      0x16c ./Drivers/STM32F1xx_HAL_Driver/Src/stm32f1xx_hal_rcc_ex.o
                0x0000000008004200                HAL_RCCEx_PeriphCLKConfig
 .text.HAL_TIM_Base_Init
                0x000000000800436c       0x9e ./Drivers/STM32F1xx_HAL_Driver/Src/stm32f1xx_hal_tim.o
                0x000000000800436c                HAL_TIM_Base_Init
 .text.HAL_TIM_Base_MspInit
                0x000000000800440a       0x12 ./Drivers/STM32F1xx_HAL_Driver/Src/stm32f1xx_hal_tim.o
                0x000000000800440a                HAL_TIM_Base_MspInit
 .text.HAL_TIM_PWM_Init
                0x000000000800441c       0x9e ./Drivers/STM32F1xx_HAL_Driver/Src/stm32f1xx_hal_tim.o
                0x000000000800441c                HAL_TIM_PWM_Init
 *fill*         0x00000000080044ba        0x2 
 .text.HAL_TIM_PWM_Start
                0x00000000080044bc      0x144 ./Drivers/STM32F1xx_HAL_Driver/Src/stm32f1xx_hal_tim.o
                0x00000000080044bc                HAL_TIM_PWM_Start
 .text.HAL_TIM_Encoder_Init
                0x0000000008004600      0x144 ./Drivers/STM32F1xx_HAL_Driver/Src/stm32f1xx_hal_tim.o
                0x0000000008004600                HAL_TIM_Encoder_Init
 .text.HAL_TIM_Encoder_MspInit
                0x0000000008004744       0x12 ./Drivers/STM32F1xx_HAL_Driver/Src/stm32f1xx_hal_tim.o
                0x0000000008004744                HAL_TIM_Encoder_MspInit
 .text.HAL_TIM_Encoder_Start
                0x0000000008004756      0x11c ./Drivers/STM32F1xx_HAL_Driver/Src/stm32f1xx_hal_tim.o
                0x0000000008004756                HAL_TIM_Encoder_Start
 *fill*         0x0000000008004872        0x2 
 .text.HAL_TIM_PWM_ConfigChannel
                0x0000000008004874      0x184 ./Drivers/STM32F1xx_HAL_Driver/Src/stm32f1xx_hal_tim.o
                0x0000000008004874                HAL_TIM_PWM_ConfigChannel
 .text.HAL_TIM_ConfigClockSource
                0x00000000080049f8      0x18e ./Drivers/STM32F1xx_HAL_Driver/Src/stm32f1xx_hal_tim.o
                0x00000000080049f8                HAL_TIM_ConfigClockSource
 *fill*         0x0000000008004b86        0x2 
 .text.TIM_Base_SetConfig
                0x0000000008004b88       0xc4 ./Drivers/STM32F1xx_HAL_Driver/Src/stm32f1xx_hal_tim.o
                0x0000000008004b88                TIM_Base_SetConfig
 .text.TIM_OC1_SetConfig
                0x0000000008004c4c       0xcc ./Drivers/STM32F1xx_HAL_Driver/Src/stm32f1xx_hal_tim.o
 .text.TIM_OC2_SetConfig
                0x0000000008004d18       0xd4 ./Drivers/STM32F1xx_HAL_Driver/Src/stm32f1xx_hal_tim.o
                0x0000000008004d18                TIM_OC2_SetConfig
 .text.TIM_OC3_SetConfig
                0x0000000008004dec       0xd4 ./Drivers/STM32F1xx_HAL_Driver/Src/stm32f1xx_hal_tim.o
 .text.TIM_OC4_SetConfig
                0x0000000008004ec0       0x9c ./Drivers/STM32F1xx_HAL_Driver/Src/stm32f1xx_hal_tim.o
 .text.TIM_TI1_ConfigInputStage
                0x0000000008004f5c       0x5c ./Drivers/STM32F1xx_HAL_Driver/Src/stm32f1xx_hal_tim.o
 .text.TIM_TI2_ConfigInputStage
                0x0000000008004fb8       0x5e ./Drivers/STM32F1xx_HAL_Driver/Src/stm32f1xx_hal_tim.o
 .text.TIM_ITRx_SetConfig
                0x0000000008005016       0x34 ./Drivers/STM32F1xx_HAL_Driver/Src/stm32f1xx_hal_tim.o
 .text.TIM_ETR_SetConfig
                0x000000000800504a       0x3e ./Drivers/STM32F1xx_HAL_Driver/Src/stm32f1xx_hal_tim.o
                0x000000000800504a                TIM_ETR_SetConfig
 .text.TIM_CCxChannelCmd
                0x0000000008005088       0x48 ./Drivers/STM32F1xx_HAL_Driver/Src/stm32f1xx_hal_tim.o
                0x0000000008005088                TIM_CCxChannelCmd
 .text.HAL_TIMEx_MasterConfigSynchronization
                0x00000000080050d0       0xbc ./Drivers/STM32F1xx_HAL_Driver/Src/stm32f1xx_hal_tim_ex.o
                0x00000000080050d0                HAL_TIMEx_MasterConfigSynchronization
 .text.HAL_TIMEx_ConfigBreakDeadTime
                0x000000000800518c       0xa2 ./Drivers/STM32F1xx_HAL_Driver/Src/stm32f1xx_hal_tim_ex.o
                0x000000000800518c                HAL_TIMEx_ConfigBreakDeadTime
 .text.HAL_UART_Init
                0x000000000800522e       0xa0 ./Drivers/STM32F1xx_HAL_Driver/Src/stm32f1xx_hal_uart.o
                0x000000000800522e                HAL_UART_Init
 .text.HAL_UART_Receive_IT
                0x00000000080052ce       0x4a ./Drivers/STM32F1xx_HAL_Driver/Src/stm32f1xx_hal_uart.o
                0x00000000080052ce                HAL_UART_Receive_IT
 .text.HAL_UART_IRQHandler
                0x0000000008005318      0x524 ./Drivers/STM32F1xx_HAL_Driver/Src/stm32f1xx_hal_uart.o
                0x0000000008005318                HAL_UART_IRQHandler
 .text.HAL_UART_TxCpltCallback
                0x000000000800583c       0x12 ./Drivers/STM32F1xx_HAL_Driver/Src/stm32f1xx_hal_uart.o
                0x000000000800583c                HAL_UART_TxCpltCallback
 .text.HAL_UART_ErrorCallback
                0x000000000800584e       0x12 ./Drivers/STM32F1xx_HAL_Driver/Src/stm32f1xx_hal_uart.o
                0x000000000800584e                HAL_UART_ErrorCallback
 .text.HAL_UARTEx_RxEventCallback
                0x0000000008005860       0x16 ./Drivers/STM32F1xx_HAL_Driver/Src/stm32f1xx_hal_uart.o
                0x0000000008005860                HAL_UARTEx_RxEventCallback
 .text.UART_Start_Receive_IT
                0x0000000008005876       0x72 ./Drivers/STM32F1xx_HAL_Driver/Src/stm32f1xx_hal_uart.o
                0x0000000008005876                UART_Start_Receive_IT
 .text.UART_EndRxTransfer
                0x00000000080058e8       0xc4 ./Drivers/STM32F1xx_HAL_Driver/Src/stm32f1xx_hal_uart.o
 .text.UART_DMAAbortOnError
                0x00000000080059ac       0x28 ./Drivers/STM32F1xx_HAL_Driver/Src/stm32f1xx_hal_uart.o
 .text.UART_Transmit_IT
                0x00000000080059d4       0x9e ./Drivers/STM32F1xx_HAL_Driver/Src/stm32f1xx_hal_uart.o
 .text.UART_EndTransmit_IT
                0x0000000008005a72       0x30 ./Drivers/STM32F1xx_HAL_Driver/Src/stm32f1xx_hal_uart.o
 .text.UART_Receive_IT
                0x0000000008005aa2      0x17c ./Drivers/STM32F1xx_HAL_Driver/Src/stm32f1xx_hal_uart.o
 *fill*         0x0000000008005c1e        0x2 
 .text.UART_SetConfig
                0x0000000008005c20      0x11c ./Drivers/STM32F1xx_HAL_Driver/Src/stm32f1xx_hal_uart.o
 .text.__errno  0x0000000008005d3c        0xc c:/st/stm32cubeide_1.12.1/stm32cubeide/plugins/com.st.stm32cube.ide.mcu.externaltools.gnu-tools-for-stm32.10.3-2021.10.win32_1.0.200.202301161003/tools/bin/../lib/gcc/arm-none-eabi/10.3.1/../../../../arm-none-eabi/lib/thumb/v7-m/nofp\libc_nano.a(lib_a-errno.o)
                0x0000000008005d3c                __errno
 .text.__libc_init_array
                0x0000000008005d48       0x48 c:/st/stm32cubeide_1.12.1/stm32cubeide/plugins/com.st.stm32cube.ide.mcu.externaltools.gnu-tools-for-stm32.10.3-2021.10.win32_1.0.200.202301161003/tools/bin/../lib/gcc/arm-none-eabi/10.3.1/../../../../arm-none-eabi/lib/thumb/v7-m/nofp\libc_nano.a(lib_a-init.o)
                0x0000000008005d48                __libc_init_array
 .text.memcpy   0x0000000008005d90       0x1c c:/st/stm32cubeide_1.12.1/stm32cubeide/plugins/com.st.stm32cube.ide.mcu.externaltools.gnu-tools-for-stm32.10.3-2021.10.win32_1.0.200.202301161003/tools/bin/../lib/gcc/arm-none-eabi/10.3.1/../../../../arm-none-eabi/lib/thumb/v7-m/nofp\libc_nano.a(lib_a-memcpy-stub.o)
                0x0000000008005d90                memcpy
 .text.memset   0x0000000008005dac       0x10 c:/st/stm32cubeide_1.12.1/stm32cubeide/plugins/com.st.stm32cube.ide.mcu.externaltools.gnu-tools-for-stm32.10.3-2021.10.win32_1.0.200.202301161003/tools/bin/../lib/gcc/arm-none-eabi/10.3.1/../../../../arm-none-eabi/lib/thumb/v7-m/nofp\libc_nano.a(lib_a-memset.o)
                0x0000000008005dac                memset
 .text.atan2    0x0000000008005dbc        0x4 c:/st/stm32cubeide_1.12.1/stm32cubeide/plugins/com.st.stm32cube.ide.mcu.externaltools.gnu-tools-for-stm32.10.3-2021.10.win32_1.0.200.202301161003/tools/bin/../lib/gcc/arm-none-eabi/10.3.1/../../../../arm-none-eabi/lib/thumb/v7-m/nofp\libm.a(lib_a-w_atan2.o)
                0x0000000008005dbc                atan2
 .text.fmod     0x0000000008005dc0       0x50 c:/st/stm32cubeide_1.12.1/stm32cubeide/plugins/com.st.stm32cube.ide.mcu.externaltools.gnu-tools-for-stm32.10.3-2021.10.win32_1.0.200.202301161003/tools/bin/../lib/gcc/arm-none-eabi/10.3.1/../../../../arm-none-eabi/lib/thumb/v7-m/nofp\libm.a(lib_a-w_fmod.o)
                0x0000000008005dc0                fmod
 .text.sqrt     0x0000000008005e10       0x48 c:/st/stm32cubeide_1.12.1/stm32cubeide/plugins/com.st.stm32cube.ide.mcu.externaltools.gnu-tools-for-stm32.10.3-2021.10.win32_1.0.200.202301161003/tools/bin/../lib/gcc/arm-none-eabi/10.3.1/../../../../arm-none-eabi/lib/thumb/v7-m/nofp\libm.a(lib_a-w_sqrt.o)
                0x0000000008005e10                sqrt
 .text.__ieee754_atan2
                0x0000000008005e58      0x1a4 c:/st/stm32cubeide_1.12.1/stm32cubeide/plugins/com.st.stm32cube.ide.mcu.externaltools.gnu-tools-for-stm32.10.3-2021.10.win32_1.0.200.202301161003/tools/bin/../lib/gcc/arm-none-eabi/10.3.1/../../../../arm-none-eabi/lib/thumb/v7-m/nofp\libm.a(lib_a-e_atan2.o)
                0x0000000008005e58                __ieee754_atan2
 .text.__ieee754_fmod
                0x0000000008005ffc      0x220 c:/st/stm32cubeide_1.12.1/stm32cubeide/plugins/com.st.stm32cube.ide.mcu.externaltools.gnu-tools-for-stm32.10.3-2021.10.win32_1.0.200.202301161003/tools/bin/../lib/gcc/arm-none-eabi/10.3.1/../../../../arm-none-eabi/lib/thumb/v7-m/nofp\libm.a(lib_a-e_fmod.o)
                0x0000000008005ffc                __ieee754_fmod
 .text.__ieee754_sqrt
                0x000000000800621c      0x160 c:/st/stm32cubeide_1.12.1/stm32cubeide/plugins/com.st.stm32cube.ide.mcu.externaltools.gnu-tools-for-stm32.10.3-2021.10.win32_1.0.200.202301161003/tools/bin/../lib/gcc/arm-none-eabi/10.3.1/../../../../arm-none-eabi/lib/thumb/v7-m/nofp\libm.a(lib_a-e_sqrt.o)
                0x000000000800621c                __ieee754_sqrt
 *fill*         0x000000000800637c        0x4 
 .text.atan     0x0000000008006380      0x314 c:/st/stm32cubeide_1.12.1/stm32cubeide/plugins/com.st.stm32cube.ide.mcu.externaltools.gnu-tools-for-stm32.10.3-2021.10.win32_1.0.200.202301161003/tools/bin/../lib/gcc/arm-none-eabi/10.3.1/../../../../arm-none-eabi/lib/thumb/v7-m/nofp\libm.a(lib_a-s_atan.o)
                0x0000000008006380                atan
 .text.fabs     0x0000000008006694        0x6 c:/st/stm32cubeide_1.12.1/stm32cubeide/plugins/com.st.stm32cube.ide.mcu.externaltools.gnu-tools-for-stm32.10.3-2021.10.win32_1.0.200.202301161003/tools/bin/../lib/gcc/arm-none-eabi/10.3.1/../../../../arm-none-eabi/lib/thumb/v7-m/nofp\libm.a(lib_a-s_fabs.o)
                0x0000000008006694                fabs
 *(.glue_7)
 .glue_7        0x000000000800669a        0x0 linker stubs
 *(.glue_7t)
 .glue_7t       0x000000000800669a        0x0 linker stubs
 *(.eh_frame)
 *fill*         0x000000000800669a        0x2 
 .eh_frame      0x000000000800669c        0x0 c:/st/stm32cubeide_1.12.1/stm32cubeide/plugins/com.st.stm32cube.ide.mcu.externaltools.gnu-tools-for-stm32.10.3-2021.10.win32_1.0.200.202301161003/tools/bin/../lib/gcc/arm-none-eabi/10.3.1/thumb/v7-m/nofp/crtbegin.o
 *(.init)
 .init          0x000000000800669c        0x4 c:/st/stm32cubeide_1.12.1/stm32cubeide/plugins/com.st.stm32cube.ide.mcu.externaltools.gnu-tools-for-stm32.10.3-2021.10.win32_1.0.200.202301161003/tools/bin/../lib/gcc/arm-none-eabi/10.3.1/thumb/v7-m/nofp/crti.o
                0x000000000800669c                _init
 .init          0x00000000080066a0        0x8 c:/st/stm32cubeide_1.12.1/stm32cubeide/plugins/com.st.stm32cube.ide.mcu.externaltools.gnu-tools-for-stm32.10.3-2021.10.win32_1.0.200.202301161003/tools/bin/../lib/gcc/arm-none-eabi/10.3.1/thumb/v7-m/nofp/crtn.o
 *(.fini)
 .fini          0x00000000080066a8        0x4 c:/st/stm32cubeide_1.12.1/stm32cubeide/plugins/com.st.stm32cube.ide.mcu.externaltools.gnu-tools-for-stm32.10.3-2021.10.win32_1.0.200.202301161003/tools/bin/../lib/gcc/arm-none-eabi/10.3.1/thumb/v7-m/nofp/crti.o
                0x00000000080066a8                _fini
 .fini          0x00000000080066ac        0x8 c:/st/stm32cubeide_1.12.1/stm32cubeide/plugins/com.st.stm32cube.ide.mcu.externaltools.gnu-tools-for-stm32.10.3-2021.10.win32_1.0.200.202301161003/tools/bin/../lib/gcc/arm-none-eabi/10.3.1/thumb/v7-m/nofp/crtn.o
                0x00000000080066b4                . = ALIGN (0x4)
                0x00000000080066b4                _etext = .

.vfp11_veneer   0x00000000080066b4        0x0
 .vfp11_veneer  0x00000000080066b4        0x0 linker stubs

.v4_bx          0x00000000080066b4        0x0
 .v4_bx         0x00000000080066b4        0x0 linker stubs

.iplt           0x00000000080066b4        0x0
 .iplt          0x00000000080066b4        0x0 c:/st/stm32cubeide_1.12.1/stm32cubeide/plugins/com.st.stm32cube.ide.mcu.externaltools.gnu-tools-for-stm32.10.3-2021.10.win32_1.0.200.202301161003/tools/bin/../lib/gcc/arm-none-eabi/10.3.1/thumb/v7-m/nofp/crtbegin.o

.rodata         0x00000000080066b8      0x150
                0x00000000080066b8                . = ALIGN (0x4)
 *(.rodata)
 .rodata        0x00000000080066b8       0x60 ./Core/Src/main.o
 *(.rodata*)
 .rodata.DC_MOTOR_CfgParam
                0x0000000008006718       0x40 ./Core/Inc/DC_MOTOR_cfg.o
                0x0000000008006718                DC_MOTOR_CfgParam
 .rodata.AHBPrescTable
                0x0000000008006758       0x10 ./Core/Src/system_stm32f1xx.o
                0x0000000008006758                AHBPrescTable
 .rodata.APBPrescTable
                0x0000000008006768        0x8 ./Core/Src/system_stm32f1xx.o
                0x0000000008006768                APBPrescTable
 .rodata.aPLLMULFactorTable.1
                0x0000000008006770       0x10 ./Drivers/STM32F1xx_HAL_Driver/Src/stm32f1xx_hal_rcc.o
 .rodata.aPredivFactorTable.0
                0x0000000008006780        0x2 ./Drivers/STM32F1xx_HAL_Driver/Src/stm32f1xx_hal_rcc.o
 *fill*         0x0000000008006782        0x6 
 .rodata.CSWTCH.8
                0x0000000008006788       0x18 c:/st/stm32cubeide_1.12.1/stm32cubeide/plugins/com.st.stm32cube.ide.mcu.externaltools.gnu-tools-for-stm32.10.3-2021.10.win32_1.0.200.202301161003/tools/bin/../lib/gcc/arm-none-eabi/10.3.1/../../../../arm-none-eabi/lib/thumb/v7-m/nofp\libm.a(lib_a-e_atan2.o)
 .rodata.CSWTCH.9
                0x00000000080067a0       0x18 c:/st/stm32cubeide_1.12.1/stm32cubeide/plugins/com.st.stm32cube.ide.mcu.externaltools.gnu-tools-for-stm32.10.3-2021.10.win32_1.0.200.202301161003/tools/bin/../lib/gcc/arm-none-eabi/10.3.1/../../../../arm-none-eabi/lib/thumb/v7-m/nofp\libm.a(lib_a-e_atan2.o)
 .rodata.Zero   0x00000000080067b8       0x10 c:/st/stm32cubeide_1.12.1/stm32cubeide/plugins/com.st.stm32cube.ide.mcu.externaltools.gnu-tools-for-stm32.10.3-2021.10.win32_1.0.200.202301161003/tools/bin/../lib/gcc/arm-none-eabi/10.3.1/../../../../arm-none-eabi/lib/thumb/v7-m/nofp\libm.a(lib_a-e_fmod.o)
 .rodata.atanhi
                0x00000000080067c8       0x20 c:/st/stm32cubeide_1.12.1/stm32cubeide/plugins/com.st.stm32cube.ide.mcu.externaltools.gnu-tools-for-stm32.10.3-2021.10.win32_1.0.200.202301161003/tools/bin/../lib/gcc/arm-none-eabi/10.3.1/../../../../arm-none-eabi/lib/thumb/v7-m/nofp\libm.a(lib_a-s_atan.o)
 .rodata.atanlo
                0x00000000080067e8       0x20 c:/st/stm32cubeide_1.12.1/stm32cubeide/plugins/com.st.stm32cube.ide.mcu.externaltools.gnu-tools-for-stm32.10.3-2021.10.win32_1.0.200.202301161003/tools/bin/../lib/gcc/arm-none-eabi/10.3.1/../../../../arm-none-eabi/lib/thumb/v7-m/nofp\libm.a(lib_a-s_atan.o)
                0x0000000008006808                . = ALIGN (0x4)

.rel.dyn        0x0000000008006808        0x0
 .rel.iplt      0x0000000008006808        0x0 c:/st/stm32cubeide_1.12.1/stm32cubeide/plugins/com.st.stm32cube.ide.mcu.externaltools.gnu-tools-for-stm32.10.3-2021.10.win32_1.0.200.202301161003/tools/bin/../lib/gcc/arm-none-eabi/10.3.1/thumb/v7-m/nofp/crtbegin.o

.ARM.extab      0x0000000008006808        0x0
                0x0000000008006808                . = ALIGN (0x4)
 *(.ARM.extab* .gnu.linkonce.armextab.*)
                0x0000000008006808                . = ALIGN (0x4)

.ARM            0x0000000008006808        0x0
                0x0000000008006808                . = ALIGN (0x4)
                0x0000000008006808                __exidx_start = .
 *(.ARM.exidx*)
                0x0000000008006808                __exidx_end = .
                0x0000000008006808                . = ALIGN (0x4)

.preinit_array  0x0000000008006808        0x0
                0x0000000008006808                . = ALIGN (0x4)
                0x0000000008006808                PROVIDE (__preinit_array_start = .)
 *(.preinit_array*)
                0x0000000008006808                PROVIDE (__preinit_array_end = .)
                0x0000000008006808                . = ALIGN (0x4)

.init_array     0x0000000008006808        0x4
                0x0000000008006808                . = ALIGN (0x4)
                0x0000000008006808                PROVIDE (__init_array_start = .)
 *(SORT_BY_NAME(.init_array.*))
 *(.init_array*)
 .init_array    0x0000000008006808        0x4 c:/st/stm32cubeide_1.12.1/stm32cubeide/plugins/com.st.stm32cube.ide.mcu.externaltools.gnu-tools-for-stm32.10.3-2021.10.win32_1.0.200.202301161003/tools/bin/../lib/gcc/arm-none-eabi/10.3.1/thumb/v7-m/nofp/crtbegin.o
                0x000000000800680c                PROVIDE (__init_array_end = .)
                0x000000000800680c                . = ALIGN (0x4)

.fini_array     0x000000000800680c        0x4
                0x000000000800680c                . = ALIGN (0x4)
                [!provide]                        PROVIDE (__fini_array_start = .)
 *(SORT_BY_NAME(.fini_array.*))
 *(.fini_array*)
 .fini_array    0x000000000800680c        0x4 c:/st/stm32cubeide_1.12.1/stm32cubeide/plugins/com.st.stm32cube.ide.mcu.externaltools.gnu-tools-for-stm32.10.3-2021.10.win32_1.0.200.202301161003/tools/bin/../lib/gcc/arm-none-eabi/10.3.1/thumb/v7-m/nofp/crtbegin.o
                [!provide]                        PROVIDE (__fini_array_end = .)
                0x0000000008006810                . = ALIGN (0x4)
                0x0000000008006810                _sidata = LOADADDR (.data)

.data           0x0000000020000000       0x70 load address 0x0000000008006810
                0x0000000020000000                . = ALIGN (0x4)
                0x0000000020000000                _sdata = .
 *(.data)
 *(.data*)
 .data.SystemCoreClock
                0x0000000020000000        0x4 ./Core/Src/system_stm32f1xx.o
                0x0000000020000000                SystemCoreClock
 .data.uwTickPrio
                0x0000000020000004        0x4 ./Drivers/STM32F1xx_HAL_Driver/Src/stm32f1xx_hal.o
                0x0000000020000004                uwTickPrio
 .data.uwTickFreq
                0x0000000020000008        0x1 ./Drivers/STM32F1xx_HAL_Driver/Src/stm32f1xx_hal.o
                0x0000000020000008                uwTickFreq
 *fill*         0x0000000020000009        0x3 
 .data._impure_ptr
                0x000000002000000c        0x4 c:/st/stm32cubeide_1.12.1/stm32cubeide/plugins/com.st.stm32cube.ide.mcu.externaltools.gnu-tools-for-stm32.10.3-2021.10.win32_1.0.200.202301161003/tools/bin/../lib/gcc/arm-none-eabi/10.3.1/../../../../arm-none-eabi/lib/thumb/v7-m/nofp\libc_nano.a(lib_a-impure.o)
                0x000000002000000c                _impure_ptr
 .data.impure_data
                0x0000000020000010       0x60 c:/st/stm32cubeide_1.12.1/stm32cubeide/plugins/com.st.stm32cube.ide.mcu.externaltools.gnu-tools-for-stm32.10.3-2021.10.win32_1.0.200.202301161003/tools/bin/../lib/gcc/arm-none-eabi/10.3.1/../../../../arm-none-eabi/lib/thumb/v7-m/nofp\libc_nano.a(lib_a-impure.o)
 *(.RamFunc)
 *(.RamFunc*)
                0x0000000020000070                . = ALIGN (0x4)
                0x0000000020000070                _edata = .

.igot.plt       0x0000000020000070        0x0 load address 0x0000000008006880
 .igot.plt      0x0000000020000070        0x0 c:/st/stm32cubeide_1.12.1/stm32cubeide/plugins/com.st.stm32cube.ide.mcu.externaltools.gnu-tools-for-stm32.10.3-2021.10.win32_1.0.200.202301161003/tools/bin/../lib/gcc/arm-none-eabi/10.3.1/thumb/v7-m/nofp/crtbegin.o
                0x0000000020000070                . = ALIGN (0x4)

.bss            0x0000000020000070      0x224 load address 0x0000000008006880
                0x0000000020000070                _sbss = .
                0x0000000020000070                __bss_start__ = _sbss
 *(.bss)
 .bss           0x0000000020000070       0x1c c:/st/stm32cubeide_1.12.1/stm32cubeide/plugins/com.st.stm32cube.ide.mcu.externaltools.gnu-tools-for-stm32.10.3-2021.10.win32_1.0.200.202301161003/tools/bin/../lib/gcc/arm-none-eabi/10.3.1/thumb/v7-m/nofp/crtbegin.o
 *(.bss*)
 .bss.hadc1     0x000000002000008c       0x30 ./Core/Src/main.o
                0x000000002000008c                hadc1
 .bss.htim1     0x00000000200000bc       0x48 ./Core/Src/main.o
                0x00000000200000bc                htim1
 .bss.htim2     0x0000000020000104       0x48 ./Core/Src/main.o
                0x0000000020000104                htim2
 .bss.htim3     0x000000002000014c       0x48 ./Core/Src/main.o
                0x000000002000014c                htim3
 .bss.htim4     0x0000000020000194       0x48 ./Core/Src/main.o
                0x0000000020000194                htim4
 .bss.huart2    0x00000000200001dc       0x48 ./Core/Src/main.o
                0x00000000200001dc                huart2
 .bss.huart3    0x0000000020000224       0x48 ./Core/Src/main.o
                0x0000000020000224                huart3
 .bss.delay     0x000000002000026c        0x4 ./Core/Src/main.o
                0x000000002000026c                delay
 .bss.mode      0x0000000020000270        0x4 ./Core/Src/main.o
                0x0000000020000270                mode
 .bss.rx_buff   0x0000000020000274        0x3 ./Core/Src/main.o
                0x0000000020000274                rx_buff
 *fill*         0x0000000020000277        0x1 
 .bss.encoder_instance_3
                0x0000000020000278        0xc ./Core/Src/main.o
 .bss.encoder_instance_4
                0x0000000020000284        0xc ./Core/Src/main.o
 .bss.uwTick    0x0000000020000290        0x4 ./Drivers/STM32F1xx_HAL_Driver/Src/stm32f1xx_hal.o
                0x0000000020000290                uwTick
 *(COMMON)
                0x0000000020000294                . = ALIGN (0x4)
                0x0000000020000294                _ebss = .
                0x0000000020000294                __bss_end__ = _ebss

._user_heap_stack
                0x0000000020000294      0x604 load address 0x0000000008006880
                0x0000000020000298                . = ALIGN (0x8)
 *fill*         0x0000000020000294        0x4 
                [!provide]                        PROVIDE (end = .)
                0x0000000020000298                PROVIDE (_end = .)
                0x0000000020000498                . = (. + _Min_Heap_Size)
 *fill*         0x0000000020000298      0x200 
                0x0000000020000898                . = (. + _Min_Stack_Size)
 *fill*         0x0000000020000498      0x400 
                0x0000000020000898                . = ALIGN (0x8)

/DISCARD/
 libc.a(*)
 libm.a(*)
 libgcc.a(*)

.ARM.attributes
                0x0000000000000000       0x29
 *(.ARM.attributes)
 .ARM.attributes
                0x0000000000000000       0x1d c:/st/stm32cubeide_1.12.1/stm32cubeide/plugins/com.st.stm32cube.ide.mcu.externaltools.gnu-tools-for-stm32.10.3-2021.10.win32_1.0.200.202301161003/tools/bin/../lib/gcc/arm-none-eabi/10.3.1/thumb/v7-m/nofp/crti.o
 .ARM.attributes
                0x000000000000001d       0x2d c:/st/stm32cubeide_1.12.1/stm32cubeide/plugins/com.st.stm32cube.ide.mcu.externaltools.gnu-tools-for-stm32.10.3-2021.10.win32_1.0.200.202301161003/tools/bin/../lib/gcc/arm-none-eabi/10.3.1/thumb/v7-m/nofp/crtbegin.o
 .ARM.attributes
                0x000000000000004a       0x2d ./Core/Inc/DC_MOTOR.o
 .ARM.attributes
                0x0000000000000077       0x2d ./Core/Inc/DC_MOTOR_cfg.o
 .ARM.attributes
                0x00000000000000a4       0x2d ./Core/Inc/motor_encoders.o
 .ARM.attributes
                0x00000000000000d1       0x2d ./Core/Src/MP.o
 .ARM.attributes
                0x00000000000000fe       0x2d ./Core/Src/main.o
 .ARM.attributes
                0x000000000000012b       0x2d ./Core/Src/stm32f1xx_hal_msp.o
 .ARM.attributes
                0x0000000000000158       0x2d ./Core/Src/stm32f1xx_it.o
 .ARM.attributes
                0x0000000000000185       0x2d ./Core/Src/system_stm32f1xx.o
 .ARM.attributes
                0x00000000000001b2       0x21 ./Core/Startup/startup_stm32f103rbtx.o
 .ARM.attributes
                0x00000000000001d3       0x2d ./Drivers/STM32F1xx_HAL_Driver/Src/stm32f1xx_hal.o
 .ARM.attributes
                0x0000000000000200       0x2d ./Drivers/STM32F1xx_HAL_Driver/Src/stm32f1xx_hal_adc.o
 .ARM.attributes
                0x000000000000022d       0x2d ./Drivers/STM32F1xx_HAL_Driver/Src/stm32f1xx_hal_cortex.o
 .ARM.attributes
                0x000000000000025a       0x2d ./Drivers/STM32F1xx_HAL_Driver/Src/stm32f1xx_hal_dma.o
 .ARM.attributes
                0x0000000000000287       0x2d ./Drivers/STM32F1xx_HAL_Driver/Src/stm32f1xx_hal_gpio.o
 .ARM.attributes
                0x00000000000002b4       0x2d ./Drivers/STM32F1xx_HAL_Driver/Src/stm32f1xx_hal_rcc.o
 .ARM.attributes
                0x00000000000002e1       0x2d ./Drivers/STM32F1xx_HAL_Driver/Src/stm32f1xx_hal_rcc_ex.o
 .ARM.attributes
                0x000000000000030e       0x2d ./Drivers/STM32F1xx_HAL_Driver/Src/stm32f1xx_hal_tim.o
 .ARM.attributes
                0x000000000000033b       0x2d ./Drivers/STM32F1xx_HAL_Driver/Src/stm32f1xx_hal_tim_ex.o
 .ARM.attributes
                0x0000000000000368       0x2d ./Drivers/STM32F1xx_HAL_Driver/Src/stm32f1xx_hal_uart.o
 .ARM.attributes
                0x0000000000000395       0x2d c:/st/stm32cubeide_1.12.1/stm32cubeide/plugins/com.st.stm32cube.ide.mcu.externaltools.gnu-tools-for-stm32.10.3-2021.10.win32_1.0.200.202301161003/tools/bin/../lib/gcc/arm-none-eabi/10.3.1/../../../../arm-none-eabi/lib/thumb/v7-m/nofp\libc_nano.a(lib_a-errno.o)
 .ARM.attributes
                0x00000000000003c2       0x2d c:/st/stm32cubeide_1.12.1/stm32cubeide/plugins/com.st.stm32cube.ide.mcu.externaltools.gnu-tools-for-stm32.10.3-2021.10.win32_1.0.200.202301161003/tools/bin/../lib/gcc/arm-none-eabi/10.3.1/../../../../arm-none-eabi/lib/thumb/v7-m/nofp\libc_nano.a(lib_a-impure.o)
 .ARM.attributes
                0x00000000000003ef       0x2d c:/st/stm32cubeide_1.12.1/stm32cubeide/plugins/com.st.stm32cube.ide.mcu.externaltools.gnu-tools-for-stm32.10.3-2021.10.win32_1.0.200.202301161003/tools/bin/../lib/gcc/arm-none-eabi/10.3.1/../../../../arm-none-eabi/lib/thumb/v7-m/nofp\libc_nano.a(lib_a-init.o)
 .ARM.attributes
                0x000000000000041c       0x2d c:/st/stm32cubeide_1.12.1/stm32cubeide/plugins/com.st.stm32cube.ide.mcu.externaltools.gnu-tools-for-stm32.10.3-2021.10.win32_1.0.200.202301161003/tools/bin/../lib/gcc/arm-none-eabi/10.3.1/../../../../arm-none-eabi/lib/thumb/v7-m/nofp\libc_nano.a(lib_a-memcpy-stub.o)
 .ARM.attributes
                0x0000000000000449       0x2d c:/st/stm32cubeide_1.12.1/stm32cubeide/plugins/com.st.stm32cube.ide.mcu.externaltools.gnu-tools-for-stm32.10.3-2021.10.win32_1.0.200.202301161003/tools/bin/../lib/gcc/arm-none-eabi/10.3.1/../../../../arm-none-eabi/lib/thumb/v7-m/nofp\libc_nano.a(lib_a-memset.o)
 .ARM.attributes
                0x0000000000000476       0x2d c:/st/stm32cubeide_1.12.1/stm32cubeide/plugins/com.st.stm32cube.ide.mcu.externaltools.gnu-tools-for-stm32.10.3-2021.10.win32_1.0.200.202301161003/tools/bin/../lib/gcc/arm-none-eabi/10.3.1/../../../../arm-none-eabi/lib/thumb/v7-m/nofp\libm.a(lib_a-w_atan2.o)
 .ARM.attributes
                0x00000000000004a3       0x2d c:/st/stm32cubeide_1.12.1/stm32cubeide/plugins/com.st.stm32cube.ide.mcu.externaltools.gnu-tools-for-stm32.10.3-2021.10.win32_1.0.200.202301161003/tools/bin/../lib/gcc/arm-none-eabi/10.3.1/../../../../arm-none-eabi/lib/thumb/v7-m/nofp\libm.a(lib_a-w_fmod.o)
 .ARM.attributes
                0x00000000000004d0       0x2d c:/st/stm32cubeide_1.12.1/stm32cubeide/plugins/com.st.stm32cube.ide.mcu.externaltools.gnu-tools-for-stm32.10.3-2021.10.win32_1.0.200.202301161003/tools/bin/../lib/gcc/arm-none-eabi/10.3.1/../../../../arm-none-eabi/lib/thumb/v7-m/nofp\libm.a(lib_a-w_sqrt.o)
 .ARM.attributes
                0x00000000000004fd       0x2d c:/st/stm32cubeide_1.12.1/stm32cubeide/plugins/com.st.stm32cube.ide.mcu.externaltools.gnu-tools-for-stm32.10.3-2021.10.win32_1.0.200.202301161003/tools/bin/../lib/gcc/arm-none-eabi/10.3.1/../../../../arm-none-eabi/lib/thumb/v7-m/nofp\libm.a(lib_a-e_atan2.o)
 .ARM.attributes
                0x000000000000052a       0x2d c:/st/stm32cubeide_1.12.1/stm32cubeide/plugins/com.st.stm32cube.ide.mcu.externaltools.gnu-tools-for-stm32.10.3-2021.10.win32_1.0.200.202301161003/tools/bin/../lib/gcc/arm-none-eabi/10.3.1/../../../../arm-none-eabi/lib/thumb/v7-m/nofp\libm.a(lib_a-e_fmod.o)
 .ARM.attributes
                0x0000000000000557       0x2d c:/st/stm32cubeide_1.12.1/stm32cubeide/plugins/com.st.stm32cube.ide.mcu.externaltools.gnu-tools-for-stm32.10.3-2021.10.win32_1.0.200.202301161003/tools/bin/../lib/gcc/arm-none-eabi/10.3.1/../../../../arm-none-eabi/lib/thumb/v7-m/nofp\libm.a(lib_a-e_sqrt.o)
 .ARM.attributes
                0x0000000000000584       0x2d c:/st/stm32cubeide_1.12.1/stm32cubeide/plugins/com.st.stm32cube.ide.mcu.externaltools.gnu-tools-for-stm32.10.3-2021.10.win32_1.0.200.202301161003/tools/bin/../lib/gcc/arm-none-eabi/10.3.1/../../../../arm-none-eabi/lib/thumb/v7-m/nofp\libm.a(lib_a-s_atan.o)
 .ARM.attributes
                0x00000000000005b1       0x2d c:/st/stm32cubeide_1.12.1/stm32cubeide/plugins/com.st.stm32cube.ide.mcu.externaltools.gnu-tools-for-stm32.10.3-2021.10.win32_1.0.200.202301161003/tools/bin/../lib/gcc/arm-none-eabi/10.3.1/../../../../arm-none-eabi/lib/thumb/v7-m/nofp\libm.a(lib_a-s_fabs.o)
 .ARM.attributes
                0x00000000000005de       0x1d c:/st/stm32cubeide_1.12.1/stm32cubeide/plugins/com.st.stm32cube.ide.mcu.externaltools.gnu-tools-for-stm32.10.3-2021.10.win32_1.0.200.202301161003/tools/bin/../lib/gcc/arm-none-eabi/10.3.1/thumb/v7-m/nofp\libgcc.a(_arm_addsubdf3.o)
 .ARM.attributes
                0x00000000000005fb       0x1d c:/st/stm32cubeide_1.12.1/stm32cubeide/plugins/com.st.stm32cube.ide.mcu.externaltools.gnu-tools-for-stm32.10.3-2021.10.win32_1.0.200.202301161003/tools/bin/../lib/gcc/arm-none-eabi/10.3.1/thumb/v7-m/nofp\libgcc.a(_arm_muldivdf3.o)
 .ARM.attributes
                0x0000000000000618       0x1d c:/st/stm32cubeide_1.12.1/stm32cubeide/plugins/com.st.stm32cube.ide.mcu.externaltools.gnu-tools-for-stm32.10.3-2021.10.win32_1.0.200.202301161003/tools/bin/../lib/gcc/arm-none-eabi/10.3.1/thumb/v7-m/nofp\libgcc.a(_arm_cmpdf2.o)
 .ARM.attributes
                0x0000000000000635       0x1d c:/st/stm32cubeide_1.12.1/stm32cubeide/plugins/com.st.stm32cube.ide.mcu.externaltools.gnu-tools-for-stm32.10.3-2021.10.win32_1.0.200.202301161003/tools/bin/../lib/gcc/arm-none-eabi/10.3.1/thumb/v7-m/nofp\libgcc.a(_arm_unorddf2.o)
 .ARM.attributes
                0x0000000000000652       0x1d c:/st/stm32cubeide_1.12.1/stm32cubeide/plugins/com.st.stm32cube.ide.mcu.externaltools.gnu-tools-for-stm32.10.3-2021.10.win32_1.0.200.202301161003/tools/bin/../lib/gcc/arm-none-eabi/10.3.1/thumb/v7-m/nofp\libgcc.a(_arm_fixdfsi.o)
 .ARM.attributes
                0x000000000000066f       0x1d c:/st/stm32cubeide_1.12.1/stm32cubeide/plugins/com.st.stm32cube.ide.mcu.externaltools.gnu-tools-for-stm32.10.3-2021.10.win32_1.0.200.202301161003/tools/bin/../lib/gcc/arm-none-eabi/10.3.1/thumb/v7-m/nofp/crtn.o
OUTPUT(Final_Code.elf elf32-littlearm)
LOAD linker stubs
LOAD c:/st/stm32cubeide_1.12.1/stm32cubeide/plugins/com.st.stm32cube.ide.mcu.externaltools.gnu-tools-for-stm32.10.3-2021.10.win32_1.0.200.202301161003/tools/bin/../lib/gcc/arm-none-eabi/10.3.1/../../../../arm-none-eabi/lib/thumb/v7-m/nofp\libc.a
LOAD c:/st/stm32cubeide_1.12.1/stm32cubeide/plugins/com.st.stm32cube.ide.mcu.externaltools.gnu-tools-for-stm32.10.3-2021.10.win32_1.0.200.202301161003/tools/bin/../lib/gcc/arm-none-eabi/10.3.1/../../../../arm-none-eabi/lib/thumb/v7-m/nofp\libm.a
LOAD c:/st/stm32cubeide_1.12.1/stm32cubeide/plugins/com.st.stm32cube.ide.mcu.externaltools.gnu-tools-for-stm32.10.3-2021.10.win32_1.0.200.202301161003/tools/bin/../lib/gcc/arm-none-eabi/10.3.1/thumb/v7-m/nofp\libgcc.a

.debug_info     0x0000000000000000     0xfc36
 .debug_info    0x0000000000000000      0xcfb ./Core/Inc/DC_MOTOR.o
 .debug_info    0x0000000000000cfb      0x335 ./Core/Inc/DC_MOTOR_cfg.o
 .debug_info    0x0000000000001030      0x71a ./Core/Inc/motor_encoders.o
 .debug_info    0x000000000000174a      0x11e ./Core/Src/MP.o
 .debug_info    0x0000000000001868     0x1d20 ./Core/Src/main.o
 .debug_info    0x0000000000003588     0x11a5 ./Core/Src/stm32f1xx_hal_msp.o
 .debug_info    0x000000000000472d      0x690 ./Core/Src/stm32f1xx_it.o
 .debug_info    0x0000000000004dbd      0x23d ./Core/Src/system_stm32f1xx.o
 .debug_info    0x0000000000004ffa       0x22 ./Core/Startup/startup_stm32f103rbtx.o
 .debug_info    0x000000000000501c      0x734 ./Drivers/STM32F1xx_HAL_Driver/Src/stm32f1xx_hal.o
 .debug_info    0x0000000000005750      0xcfe ./Drivers/STM32F1xx_HAL_Driver/Src/stm32f1xx_hal_adc.o
 .debug_info    0x000000000000644e      0xb20 ./Drivers/STM32F1xx_HAL_Driver/Src/stm32f1xx_hal_cortex.o
 .debug_info    0x0000000000006f6e      0x744 ./Drivers/STM32F1xx_HAL_Driver/Src/stm32f1xx_hal_dma.o
 .debug_info    0x00000000000076b2      0x615 ./Drivers/STM32F1xx_HAL_Driver/Src/stm32f1xx_hal_gpio.o
 .debug_info    0x0000000000007cc7      0x865 ./Drivers/STM32F1xx_HAL_Driver/Src/stm32f1xx_hal_rcc.o
 .debug_info    0x000000000000852c      0x3e6 ./Drivers/STM32F1xx_HAL_Driver/Src/stm32f1xx_hal_rcc_ex.o
 .debug_info    0x0000000000008912     0x2bab ./Drivers/STM32F1xx_HAL_Driver/Src/stm32f1xx_hal_tim.o
 .debug_info    0x000000000000b4bd     0x15c7 ./Drivers/STM32F1xx_HAL_Driver/Src/stm32f1xx_hal_tim_ex.o
 .debug_info    0x000000000000ca84     0x31b2 ./Drivers/STM32F1xx_HAL_Driver/Src/stm32f1xx_hal_uart.o

.debug_abbrev   0x0000000000000000     0x23a5
 .debug_abbrev  0x0000000000000000      0x23a ./Core/Inc/DC_MOTOR.o
 .debug_abbrev  0x000000000000023a       0xd4 ./Core/Inc/DC_MOTOR_cfg.o
 .debug_abbrev  0x000000000000030e      0x153 ./Core/Inc/motor_encoders.o
 .debug_abbrev  0x0000000000000461       0x92 ./Core/Src/MP.o
 .debug_abbrev  0x00000000000004f3      0x33a ./Core/Src/main.o
 .debug_abbrev  0x000000000000082d      0x226 ./Core/Src/stm32f1xx_hal_msp.o
 .debug_abbrev  0x0000000000000a53      0x17b ./Core/Src/stm32f1xx_it.o
 .debug_abbrev  0x0000000000000bce      0x13b ./Core/Src/system_stm32f1xx.o
 .debug_abbrev  0x0000000000000d09       0x12 ./Core/Startup/startup_stm32f103rbtx.o
 .debug_abbrev  0x0000000000000d1b      0x1fb ./Drivers/STM32F1xx_HAL_Driver/Src/stm32f1xx_hal.o
 .debug_abbrev  0x0000000000000f16      0x210 ./Drivers/STM32F1xx_HAL_Driver/Src/stm32f1xx_hal_adc.o
 .debug_abbrev  0x0000000000001126      0x2ed ./Drivers/STM32F1xx_HAL_Driver/Src/stm32f1xx_hal_cortex.o
 .debug_abbrev  0x0000000000001413      0x1fe ./Drivers/STM32F1xx_HAL_Driver/Src/stm32f1xx_hal_dma.o
 .debug_abbrev  0x0000000000001611      0x1bb ./Drivers/STM32F1xx_HAL_Driver/Src/stm32f1xx_hal_gpio.o
 .debug_abbrev  0x00000000000017cc      0x2a8 ./Drivers/STM32F1xx_HAL_Driver/Src/stm32f1xx_hal_rcc.o
 .debug_abbrev  0x0000000000001a74      0x182 ./Drivers/STM32F1xx_HAL_Driver/Src/stm32f1xx_hal_rcc_ex.o
 .debug_abbrev  0x0000000000001bf6      0x264 ./Drivers/STM32F1xx_HAL_Driver/Src/stm32f1xx_hal_tim.o
 .debug_abbrev  0x0000000000001e5a      0x26c ./Drivers/STM32F1xx_HAL_Driver/Src/stm32f1xx_hal_tim_ex.o
 .debug_abbrev  0x00000000000020c6      0x2df ./Drivers/STM32F1xx_HAL_Driver/Src/stm32f1xx_hal_uart.o

.debug_aranges  0x0000000000000000      0xe20
 .debug_aranges
                0x0000000000000000       0x48 ./Core/Inc/DC_MOTOR.o
 .debug_aranges
                0x0000000000000048       0x18 ./Core/Inc/DC_MOTOR_cfg.o
 .debug_aranges
                0x0000000000000060       0x28 ./Core/Inc/motor_encoders.o
 .debug_aranges
                0x0000000000000088       0x20 ./Core/Src/MP.o
 .debug_aranges
                0x00000000000000a8       0xa8 ./Core/Src/main.o
 .debug_aranges
                0x0000000000000150       0x58 ./Core/Src/stm32f1xx_hal_msp.o
 .debug_aranges
                0x00000000000001a8       0x80 ./Core/Src/stm32f1xx_it.o
 .debug_aranges
                0x0000000000000228       0x28 ./Core/Src/system_stm32f1xx.o
 .debug_aranges
                0x0000000000000250       0x28 ./Core/Startup/startup_stm32f103rbtx.o
 .debug_aranges
                0x0000000000000278       0xe0 ./Drivers/STM32F1xx_HAL_Driver/Src/stm32f1xx_hal.o
 .debug_aranges
                0x0000000000000358       0xf0 ./Drivers/STM32F1xx_HAL_Driver/Src/stm32f1xx_hal_adc.o
 .debug_aranges
                0x0000000000000448      0x100 ./Drivers/STM32F1xx_HAL_Driver/Src/stm32f1xx_hal_cortex.o
 .debug_aranges
                0x0000000000000548       0x80 ./Drivers/STM32F1xx_HAL_Driver/Src/stm32f1xx_hal_dma.o
 .debug_aranges
                0x00000000000005c8       0x58 ./Drivers/STM32F1xx_HAL_Driver/Src/stm32f1xx_hal_gpio.o
 .debug_aranges
                0x0000000000000620       0x90 ./Drivers/STM32F1xx_HAL_Driver/Src/stm32f1xx_hal_rcc.o
 .debug_aranges
                0x00000000000006b0       0x30 ./Drivers/STM32F1xx_HAL_Driver/Src/stm32f1xx_hal_rcc_ex.o
 .debug_aranges
                0x00000000000006e0      0x3d0 ./Drivers/STM32F1xx_HAL_Driver/Src/stm32f1xx_hal_tim.o
 .debug_aranges
                0x0000000000000ab0      0x168 ./Drivers/STM32F1xx_HAL_Driver/Src/stm32f1xx_hal_tim_ex.o
 .debug_aranges
                0x0000000000000c18      0x208 ./Drivers/STM32F1xx_HAL_Driver/Src/stm32f1xx_hal_uart.o

.debug_ranges   0x0000000000000000      0xd38
 .debug_ranges  0x0000000000000000       0x38 ./Core/Inc/DC_MOTOR.o
 .debug_ranges  0x0000000000000038       0x18 ./Core/Inc/motor_encoders.o
 .debug_ranges  0x0000000000000050       0x10 ./Core/Src/MP.o
 .debug_ranges  0x0000000000000060       0xb0 ./Core/Src/main.o
 .debug_ranges  0x0000000000000110       0x48 ./Core/Src/stm32f1xx_hal_msp.o
 .debug_ranges  0x0000000000000158       0x70 ./Core/Src/stm32f1xx_it.o
 .debug_ranges  0x00000000000001c8       0x18 ./Core/Src/system_stm32f1xx.o
 .debug_ranges  0x00000000000001e0       0x20 ./Core/Startup/startup_stm32f103rbtx.o
 .debug_ranges  0x0000000000000200       0xd0 ./Drivers/STM32F1xx_HAL_Driver/Src/stm32f1xx_hal.o
 .debug_ranges  0x00000000000002d0       0xe0 ./Drivers/STM32F1xx_HAL_Driver/Src/stm32f1xx_hal_adc.o
 .debug_ranges  0x00000000000003b0       0xf0 ./Drivers/STM32F1xx_HAL_Driver/Src/stm32f1xx_hal_cortex.o
 .debug_ranges  0x00000000000004a0       0x70 ./Drivers/STM32F1xx_HAL_Driver/Src/stm32f1xx_hal_dma.o
 .debug_ranges  0x0000000000000510       0x48 ./Drivers/STM32F1xx_HAL_Driver/Src/stm32f1xx_hal_gpio.o
 .debug_ranges  0x0000000000000558       0x80 ./Drivers/STM32F1xx_HAL_Driver/Src/stm32f1xx_hal_rcc.o
 .debug_ranges  0x00000000000005d8       0x20 ./Drivers/STM32F1xx_HAL_Driver/Src/stm32f1xx_hal_rcc_ex.o
 .debug_ranges  0x00000000000005f8      0x3c0 ./Drivers/STM32F1xx_HAL_Driver/Src/stm32f1xx_hal_tim.o
 .debug_ranges  0x00000000000009b8      0x158 ./Drivers/STM32F1xx_HAL_Driver/Src/stm32f1xx_hal_tim_ex.o
 .debug_ranges  0x0000000000000b10      0x228 ./Drivers/STM32F1xx_HAL_Driver/Src/stm32f1xx_hal_uart.o

.debug_macro    0x0000000000000000    0x1849d
 .debug_macro   0x0000000000000000      0x1ec ./Core/Inc/DC_MOTOR.o
 .debug_macro   0x00000000000001ec      0xa6c ./Core/Inc/DC_MOTOR.o
 .debug_macro   0x0000000000000c58       0x10 ./Core/Inc/DC_MOTOR.o
 .debug_macro   0x0000000000000c68      0x221 ./Core/Inc/DC_MOTOR.o
 .debug_macro   0x0000000000000e89       0x2e ./Core/Inc/DC_MOTOR.o
 .debug_macro   0x0000000000000eb7       0x22 ./Core/Inc/DC_MOTOR.o
 .debug_macro   0x0000000000000ed9       0x22 ./Core/Inc/DC_MOTOR.o
 .debug_macro   0x0000000000000efb       0x8e ./Core/Inc/DC_MOTOR.o
 .debug_macro   0x0000000000000f89       0x51 ./Core/Inc/DC_MOTOR.o
 .debug_macro   0x0000000000000fda      0x103 ./Core/Inc/DC_MOTOR.o
 .debug_macro   0x00000000000010dd       0x6a ./Core/Inc/DC_MOTOR.o
 .debug_macro   0x0000000000001147      0x1df ./Core/Inc/DC_MOTOR.o
 .debug_macro   0x0000000000001326       0x1c ./Core/Inc/DC_MOTOR.o
 .debug_macro   0x0000000000001342       0x22 ./Core/Inc/DC_MOTOR.o
 .debug_macro   0x0000000000001364       0xbd ./Core/Inc/DC_MOTOR.o
 .debug_macro   0x0000000000001421      0xd23 ./Core/Inc/DC_MOTOR.o
 .debug_macro   0x0000000000002144     0xe09e ./Core/Inc/DC_MOTOR.o
 .debug_macro   0x00000000000101e2       0x6d ./Core/Inc/DC_MOTOR.o
 .debug_macro   0x000000000001024f     0x348d ./Core/Inc/DC_MOTOR.o
 .debug_macro   0x00000000000136dc      0x174 ./Core/Inc/DC_MOTOR.o
 .debug_macro   0x0000000000013850       0x5c ./Core/Inc/DC_MOTOR.o
 .debug_macro   0x00000000000138ac      0x5bc ./Core/Inc/DC_MOTOR.o
 .debug_macro   0x0000000000013e68      0x289 ./Core/Inc/DC_MOTOR.o
 .debug_macro   0x00000000000140f1      0x1cb ./Core/Inc/DC_MOTOR.o
 .debug_macro   0x00000000000142bc      0x114 ./Core/Inc/DC_MOTOR.o
 .debug_macro   0x00000000000143d0      0x1b2 ./Core/Inc/DC_MOTOR.o
 .debug_macro   0x0000000000014582       0x27 ./Core/Inc/DC_MOTOR.o
 .debug_macro   0x00000000000145a9      0x136 ./Core/Inc/DC_MOTOR.o
 .debug_macro   0x00000000000146df      0x1bc ./Core/Inc/DC_MOTOR.o
 .debug_macro   0x000000000001489b       0x34 ./Core/Inc/DC_MOTOR.o
 .debug_macro   0x00000000000148cf       0x3c ./Core/Inc/DC_MOTOR.o
 .debug_macro   0x000000000001490b       0x57 ./Core/Inc/DC_MOTOR.o
 .debug_macro   0x0000000000014962      0x46a ./Core/Inc/DC_MOTOR.o
 .debug_macro   0x0000000000014dcc      0x1b5 ./Core/Inc/DC_MOTOR.o
 .debug_macro   0x0000000000014f81       0x87 ./Core/Inc/DC_MOTOR.o
 .debug_macro   0x0000000000015008      0x240 ./Core/Inc/DC_MOTOR.o
 .debug_macro   0x0000000000015248      0x140 ./Core/Inc/DC_MOTOR.o
 .debug_macro   0x0000000000015388      0x8ed ./Core/Inc/DC_MOTOR.o
 .debug_macro   0x0000000000015c75      0x28e ./Core/Inc/DC_MOTOR.o
 .debug_macro   0x0000000000015f03       0x83 ./Core/Inc/DC_MOTOR.o
 .debug_macro   0x0000000000015f86       0x22 ./Core/Inc/DC_MOTOR.o
 .debug_macro   0x0000000000015fa8       0x5e ./Core/Inc/DC_MOTOR.o
 .debug_macro   0x0000000000016006      0x1c5 ./Core/Inc/DC_MOTOR_cfg.o
 .debug_macro   0x00000000000161cb      0x1d4 ./Core/Inc/motor_encoders.o
 .debug_macro   0x000000000001639f      0x1e7 ./Core/Src/MP.o
 .debug_macro   0x0000000000016586      0x201 ./Core/Src/MP.o
 .debug_macro   0x0000000000016787      0x3f1 ./Core/Src/main.o
 .debug_macro   0x0000000000016b78      0x186 ./Core/Src/main.o
 .debug_macro   0x0000000000016cfe       0x22 ./Core/Src/main.o
 .debug_macro   0x0000000000016d20       0x2e ./Core/Src/main.o
 .debug_macro   0x0000000000016d4e      0x1d4 ./Core/Src/stm32f1xx_hal_msp.o
 .debug_macro   0x0000000000016f22      0x1de ./Core/Src/stm32f1xx_it.o
 .debug_macro   0x0000000000017100      0x1b7 ./Core/Src/system_stm32f1xx.o
 .debug_macro   0x00000000000172b7      0x1db ./Drivers/STM32F1xx_HAL_Driver/Src/stm32f1xx_hal.o
 .debug_macro   0x0000000000017492      0x1d4 ./Drivers/STM32F1xx_HAL_Driver/Src/stm32f1xx_hal_adc.o
 .debug_macro   0x0000000000017666      0x1b7 ./Drivers/STM32F1xx_HAL_Driver/Src/stm32f1xx_hal_cortex.o
 .debug_macro   0x000000000001781d      0x1b7 ./Drivers/STM32F1xx_HAL_Driver/Src/stm32f1xx_hal_dma.o
 .debug_macro   0x00000000000179d4      0x222 ./Drivers/STM32F1xx_HAL_Driver/Src/stm32f1xx_hal_gpio.o
 .debug_macro   0x0000000000017bf6      0x1c9 ./Drivers/STM32F1xx_HAL_Driver/Src/stm32f1xx_hal_rcc.o
 .debug_macro   0x0000000000017dbf      0x1b7 ./Drivers/STM32F1xx_HAL_Driver/Src/stm32f1xx_hal_rcc_ex.o
 .debug_macro   0x0000000000017f76      0x1b8 ./Drivers/STM32F1xx_HAL_Driver/Src/stm32f1xx_hal_tim.o
 .debug_macro   0x000000000001812e      0x1b7 ./Drivers/STM32F1xx_HAL_Driver/Src/stm32f1xx_hal_tim_ex.o
 .debug_macro   0x00000000000182e5      0x1b8 ./Drivers/STM32F1xx_HAL_Driver/Src/stm32f1xx_hal_uart.o

.debug_line     0x0000000000000000    0x10ee5
 .debug_line    0x0000000000000000      0x947 ./Core/Inc/DC_MOTOR.o
 .debug_line    0x0000000000000947      0x685 ./Core/Inc/DC_MOTOR_cfg.o
 .debug_line    0x0000000000000fcc      0x73b ./Core/Inc/motor_encoders.o
 .debug_line    0x0000000000001707      0x718 ./Core/Src/MP.o
 .debug_line    0x0000000000001e1f     0x11d0 ./Core/Src/main.o
 .debug_line    0x0000000000002fef      0x846 ./Core/Src/stm32f1xx_hal_msp.o
 .debug_line    0x0000000000003835      0x7e1 ./Core/Src/stm32f1xx_it.o
 .debug_line    0x0000000000004016      0x729 ./Core/Src/system_stm32f1xx.o
 .debug_line    0x000000000000473f       0x86 ./Core/Startup/startup_stm32f103rbtx.o
 .debug_line    0x00000000000047c5      0x956 ./Drivers/STM32F1xx_HAL_Driver/Src/stm32f1xx_hal.o
 .debug_line    0x000000000000511b      0xfdb ./Drivers/STM32F1xx_HAL_Driver/Src/stm32f1xx_hal_adc.o
 .debug_line    0x00000000000060f6      0xb3e ./Drivers/STM32F1xx_HAL_Driver/Src/stm32f1xx_hal_cortex.o
 .debug_line    0x0000000000006c34      0xdaf ./Drivers/STM32F1xx_HAL_Driver/Src/stm32f1xx_hal_dma.o
 .debug_line    0x00000000000079e3      0x9ef ./Drivers/STM32F1xx_HAL_Driver/Src/stm32f1xx_hal_gpio.o
 .debug_line    0x00000000000083d2      0xd62 ./Drivers/STM32F1xx_HAL_Driver/Src/stm32f1xx_hal_rcc.o
 .debug_line    0x0000000000009134      0x89d ./Drivers/STM32F1xx_HAL_Driver/Src/stm32f1xx_hal_rcc_ex.o
 .debug_line    0x00000000000099d1     0x33e1 ./Drivers/STM32F1xx_HAL_Driver/Src/stm32f1xx_hal_tim.o
 .debug_line    0x000000000000cdb2     0x18ac ./Drivers/STM32F1xx_HAL_Driver/Src/stm32f1xx_hal_tim_ex.o
 .debug_line    0x000000000000e65e     0x2887 ./Drivers/STM32F1xx_HAL_Driver/Src/stm32f1xx_hal_uart.o

.debug_str      0x0000000000000000    0x90972
 .debug_str     0x0000000000000000    0x884fb ./Core/Inc/DC_MOTOR.o
                                      0x888fa (size before relaxing)
 .debug_str     0x00000000000884fb       0x1b ./Core/Inc/DC_MOTOR_cfg.o
                                      0x87fd3 (size before relaxing)
 .debug_str     0x0000000000088516       0x98 ./Core/Inc/motor_encoders.o
                                      0x88540 (size before relaxing)
 .debug_str     0x00000000000885ae      0x61c ./Core/Src/MP.o
                                      0x88678 (size before relaxing)
 .debug_str     0x0000000000088bca     0x53b6 ./Core/Src/main.o
                                      0x8e327 (size before relaxing)
 .debug_str     0x000000000008df80       0xf7 ./Core/Src/stm32f1xx_hal_msp.o
                                      0x88c78 (size before relaxing)
 .debug_str     0x000000000008e077      0x140 ./Core/Src/stm32f1xx_it.o
                                      0x88503 (size before relaxing)
 .debug_str     0x000000000008e1b7       0x7e ./Core/Src/system_stm32f1xx.o
                                      0x87f2d (size before relaxing)
 .debug_str     0x000000000008e235       0x36 ./Core/Startup/startup_stm32f103rbtx.o
                                         0x66 (size before relaxing)
 .debug_str     0x000000000008e26b      0x384 ./Drivers/STM32F1xx_HAL_Driver/Src/stm32f1xx_hal.o
                                      0x88660 (size before relaxing)
 .debug_str     0x000000000008e5ef      0x375 ./Drivers/STM32F1xx_HAL_Driver/Src/stm32f1xx_hal_adc.o
                                      0x88611 (size before relaxing)
 .debug_str     0x000000000008e964      0x28a ./Drivers/STM32F1xx_HAL_Driver/Src/stm32f1xx_hal_cortex.o
                                      0x885ac (size before relaxing)
 .debug_str     0x000000000008ebee      0x216 ./Drivers/STM32F1xx_HAL_Driver/Src/stm32f1xx_hal_dma.o
                                      0x882d6 (size before relaxing)
 .debug_str     0x000000000008ee04      0x297 ./Drivers/STM32F1xx_HAL_Driver/Src/stm32f1xx_hal_gpio.o
                                      0x882b3 (size before relaxing)
 .debug_str     0x000000000008f09b      0x229 ./Drivers/STM32F1xx_HAL_Driver/Src/stm32f1xx_hal_rcc.o
                                      0x8835c (size before relaxing)
 .debug_str     0x000000000008f2c4       0x84 ./Drivers/STM32F1xx_HAL_Driver/Src/stm32f1xx_hal_rcc_ex.o
                                      0x880ac (size before relaxing)
 .debug_str     0x000000000008f348      0xc79 ./Drivers/STM32F1xx_HAL_Driver/Src/stm32f1xx_hal_tim.o
                                      0x8934e (size before relaxing)
 .debug_str     0x000000000008ffc1      0x3e1 ./Drivers/STM32F1xx_HAL_Driver/Src/stm32f1xx_hal_tim_ex.o
                                      0x88b6a (size before relaxing)
 .debug_str     0x00000000000903a2      0x5d0 ./Drivers/STM32F1xx_HAL_Driver/Src/stm32f1xx_hal_uart.o
                                      0x889cd (size before relaxing)

.comment        0x0000000000000000       0x50
 .comment       0x0000000000000000       0x50 ./Core/Inc/DC_MOTOR.o
                                         0x51 (size before relaxing)
 .comment       0x0000000000000050       0x51 ./Core/Inc/DC_MOTOR_cfg.o
 .comment       0x0000000000000050       0x51 ./Core/Inc/motor_encoders.o
 .comment       0x0000000000000050       0x51 ./Core/Src/MP.o
 .comment       0x0000000000000050       0x51 ./Core/Src/main.o
 .comment       0x0000000000000050       0x51 ./Core/Src/stm32f1xx_hal_msp.o
 .comment       0x0000000000000050       0x51 ./Core/Src/stm32f1xx_it.o
 .comment       0x0000000000000050       0x51 ./Core/Src/system_stm32f1xx.o
 .comment       0x0000000000000050       0x51 ./Drivers/STM32F1xx_HAL_Driver/Src/stm32f1xx_hal.o
 .comment       0x0000000000000050       0x51 ./Drivers/STM32F1xx_HAL_Driver/Src/stm32f1xx_hal_adc.o
 .comment       0x0000000000000050       0x51 ./Drivers/STM32F1xx_HAL_Driver/Src/stm32f1xx_hal_cortex.o
 .comment       0x0000000000000050       0x51 ./Drivers/STM32F1xx_HAL_Driver/Src/stm32f1xx_hal_dma.o
 .comment       0x0000000000000050       0x51 ./Drivers/STM32F1xx_HAL_Driver/Src/stm32f1xx_hal_gpio.o
 .comment       0x0000000000000050       0x51 ./Drivers/STM32F1xx_HAL_Driver/Src/stm32f1xx_hal_rcc.o
 .comment       0x0000000000000050       0x51 ./Drivers/STM32F1xx_HAL_Driver/Src/stm32f1xx_hal_rcc_ex.o
 .comment       0x0000000000000050       0x51 ./Drivers/STM32F1xx_HAL_Driver/Src/stm32f1xx_hal_tim.o
 .comment       0x0000000000000050       0x51 ./Drivers/STM32F1xx_HAL_Driver/Src/stm32f1xx_hal_tim_ex.o
 .comment       0x0000000000000050       0x51 ./Drivers/STM32F1xx_HAL_Driver/Src/stm32f1xx_hal_uart.o

.debug_frame    0x0000000000000000     0x3dcc
 .debug_frame   0x0000000000000000       0xf4 ./Core/Inc/DC_MOTOR.o
 .debug_frame   0x00000000000000f4       0x60 ./Core/Inc/motor_encoders.o
 .debug_frame   0x0000000000000154       0x38 ./Core/Src/MP.o
 .debug_frame   0x000000000000018c      0x28c ./Core/Src/main.o
 .debug_frame   0x0000000000000418      0x13c ./Core/Src/stm32f1xx_hal_msp.o
 .debug_frame   0x0000000000000554      0x174 ./Core/Src/stm32f1xx_it.o
 .debug_frame   0x00000000000006c8       0x58 ./Core/Src/system_stm32f1xx.o
 .debug_frame   0x0000000000000720      0x334 ./Drivers/STM32F1xx_HAL_Driver/Src/stm32f1xx_hal.o
 .debug_frame   0x0000000000000a54      0x40c ./Drivers/STM32F1xx_HAL_Driver/Src/stm32f1xx_hal_adc.o
 .debug_frame   0x0000000000000e60      0x428 ./Drivers/STM32F1xx_HAL_Driver/Src/stm32f1xx_hal_cortex.o
 .debug_frame   0x0000000000001288      0x208 ./Drivers/STM32F1xx_HAL_Driver/Src/stm32f1xx_hal_dma.o
 .debug_frame   0x0000000000001490      0x14c ./Drivers/STM32F1xx_HAL_Driver/Src/stm32f1xx_hal_gpio.o
 .debug_frame   0x00000000000015dc      0x218 ./Drivers/STM32F1xx_HAL_Driver/Src/stm32f1xx_hal_rcc.o
 .debug_frame   0x00000000000017f4       0x80 ./Drivers/STM32F1xx_HAL_Driver/Src/stm32f1xx_hal_rcc_ex.o
 .debug_frame   0x0000000000001874     0x11bc ./Drivers/STM32F1xx_HAL_Driver/Src/stm32f1xx_hal_tim.o
 .debug_frame   0x0000000000002a30      0x638 ./Drivers/STM32F1xx_HAL_Driver/Src/stm32f1xx_hal_tim_ex.o
 .debug_frame   0x0000000000003068      0x944 ./Drivers/STM32F1xx_HAL_Driver/Src/stm32f1xx_hal_uart.o
 .debug_frame   0x00000000000039ac       0x20 c:/st/stm32cubeide_1.12.1/stm32cubeide/plugins/com.st.stm32cube.ide.mcu.externaltools.gnu-tools-for-stm32.10.3-2021.10.win32_1.0.200.202301161003/tools/bin/../lib/gcc/arm-none-eabi/10.3.1/../../../../arm-none-eabi/lib/thumb/v7-m/nofp\libc_nano.a(lib_a-errno.o)
 .debug_frame   0x00000000000039cc       0x2c c:/st/stm32cubeide_1.12.1/stm32cubeide/plugins/com.st.stm32cube.ide.mcu.externaltools.gnu-tools-for-stm32.10.3-2021.10.win32_1.0.200.202301161003/tools/bin/../lib/gcc/arm-none-eabi/10.3.1/../../../../arm-none-eabi/lib/thumb/v7-m/nofp\libc_nano.a(lib_a-init.o)
 .debug_frame   0x00000000000039f8       0x28 c:/st/stm32cubeide_1.12.1/stm32cubeide/plugins/com.st.stm32cube.ide.mcu.externaltools.gnu-tools-for-stm32.10.3-2021.10.win32_1.0.200.202301161003/tools/bin/../lib/gcc/arm-none-eabi/10.3.1/../../../../arm-none-eabi/lib/thumb/v7-m/nofp\libc_nano.a(lib_a-memcpy-stub.o)
 .debug_frame   0x0000000000003a20       0x20 c:/st/stm32cubeide_1.12.1/stm32cubeide/plugins/com.st.stm32cube.ide.mcu.externaltools.gnu-tools-for-stm32.10.3-2021.10.win32_1.0.200.202301161003/tools/bin/../lib/gcc/arm-none-eabi/10.3.1/../../../../arm-none-eabi/lib/thumb/v7-m/nofp\libc_nano.a(lib_a-memset.o)
 .debug_frame   0x0000000000003a40       0x20 c:/st/stm32cubeide_1.12.1/stm32cubeide/plugins/com.st.stm32cube.ide.mcu.externaltools.gnu-tools-for-stm32.10.3-2021.10.win32_1.0.200.202301161003/tools/bin/../lib/gcc/arm-none-eabi/10.3.1/../../../../arm-none-eabi/lib/thumb/v7-m/nofp\libm.a(lib_a-w_atan2.o)
 .debug_frame   0x0000000000003a60       0x34 c:/st/stm32cubeide_1.12.1/stm32cubeide/plugins/com.st.stm32cube.ide.mcu.externaltools.gnu-tools-for-stm32.10.3-2021.10.win32_1.0.200.202301161003/tools/bin/../lib/gcc/arm-none-eabi/10.3.1/../../../../arm-none-eabi/lib/thumb/v7-m/nofp\libm.a(lib_a-w_fmod.o)
 .debug_frame   0x0000000000003a94       0x30 c:/st/stm32cubeide_1.12.1/stm32cubeide/plugins/com.st.stm32cube.ide.mcu.externaltools.gnu-tools-for-stm32.10.3-2021.10.win32_1.0.200.202301161003/tools/bin/../lib/gcc/arm-none-eabi/10.3.1/../../../../arm-none-eabi/lib/thumb/v7-m/nofp\libm.a(lib_a-w_sqrt.o)
 .debug_frame   0x0000000000003ac4       0x48 c:/st/stm32cubeide_1.12.1/stm32cubeide/plugins/com.st.stm32cube.ide.mcu.externaltools.gnu-tools-for-stm32.10.3-2021.10.win32_1.0.200.202301161003/tools/bin/../lib/gcc/arm-none-eabi/10.3.1/../../../../arm-none-eabi/lib/thumb/v7-m/nofp\libm.a(lib_a-e_atan2.o)
 .debug_frame   0x0000000000003b0c       0x34 c:/st/stm32cubeide_1.12.1/stm32cubeide/plugins/com.st.stm32cube.ide.mcu.externaltools.gnu-tools-for-stm32.10.3-2021.10.win32_1.0.200.202301161003/tools/bin/../lib/gcc/arm-none-eabi/10.3.1/../../../../arm-none-eabi/lib/thumb/v7-m/nofp\libm.a(lib_a-e_fmod.o)
 .debug_frame   0x0000000000003b40       0x30 c:/st/stm32cubeide_1.12.1/stm32cubeide/plugins/com.st.stm32cube.ide.mcu.externaltools.gnu-tools-for-stm32.10.3-2021.10.win32_1.0.200.202301161003/tools/bin/../lib/gcc/arm-none-eabi/10.3.1/../../../../arm-none-eabi/lib/thumb/v7-m/nofp\libm.a(lib_a-e_sqrt.o)
 .debug_frame   0x0000000000003b70       0x38 c:/st/stm32cubeide_1.12.1/stm32cubeide/plugins/com.st.stm32cube.ide.mcu.externaltools.gnu-tools-for-stm32.10.3-2021.10.win32_1.0.200.202301161003/tools/bin/../lib/gcc/arm-none-eabi/10.3.1/../../../../arm-none-eabi/lib/thumb/v7-m/nofp\libm.a(lib_a-s_atan.o)
 .debug_frame   0x0000000000003ba8       0x20 c:/st/stm32cubeide_1.12.1/stm32cubeide/plugins/com.st.stm32cube.ide.mcu.externaltools.gnu-tools-for-stm32.10.3-2021.10.win32_1.0.200.202301161003/tools/bin/../lib/gcc/arm-none-eabi/10.3.1/../../../../arm-none-eabi/lib/thumb/v7-m/nofp\libm.a(lib_a-s_fabs.o)
 .debug_frame   0x0000000000003bc8       0xac c:/st/stm32cubeide_1.12.1/stm32cubeide/plugins/com.st.stm32cube.ide.mcu.externaltools.gnu-tools-for-stm32.10.3-2021.10.win32_1.0.200.202301161003/tools/bin/../lib/gcc/arm-none-eabi/10.3.1/thumb/v7-m/nofp\libgcc.a(_arm_addsubdf3.o)
 .debug_frame   0x0000000000003c74       0x50 c:/st/stm32cubeide_1.12.1/stm32cubeide/plugins/com.st.stm32cube.ide.mcu.externaltools.gnu-tools-for-stm32.10.3-2021.10.win32_1.0.200.202301161003/tools/bin/../lib/gcc/arm-none-eabi/10.3.1/thumb/v7-m/nofp\libgcc.a(_arm_muldivdf3.o)
 .debug_frame   0x0000000000003cc4       0xc4 c:/st/stm32cubeide_1.12.1/stm32cubeide/plugins/com.st.stm32cube.ide.mcu.externaltools.gnu-tools-for-stm32.10.3-2021.10.win32_1.0.200.202301161003/tools/bin/../lib/gcc/arm-none-eabi/10.3.1/thumb/v7-m/nofp\libgcc.a(_arm_cmpdf2.o)
 .debug_frame   0x0000000000003d88       0x20 c:/st/stm32cubeide_1.12.1/stm32cubeide/plugins/com.st.stm32cube.ide.mcu.externaltools.gnu-tools-for-stm32.10.3-2021.10.win32_1.0.200.202301161003/tools/bin/../lib/gcc/arm-none-eabi/10.3.1/thumb/v7-m/nofp\libgcc.a(_arm_unorddf2.o)
 .debug_frame   0x0000000000003da8       0x24 c:/st/stm32cubeide_1.12.1/stm32cubeide/plugins/com.st.stm32cube.ide.mcu.externaltools.gnu-tools-for-stm32.10.3-2021.10.win32_1.0.200.202301161003/tools/bin/../lib/gcc/arm-none-eabi/10.3.1/thumb/v7-m/nofp\libgcc.a(_arm_fixdfsi.o)
